test_dependency_declarations_cannot_escape_audited_lock (test_quality_gates.QualityPolicyTests.test_dependency_declarations_cannot_escape_audited_lock) ... ok
test_no_empty_partial_skipped_or_unreviewed_security_success (test_quality_gates.QualityPolicyTests.test_no_empty_partial_skipped_or_unreviewed_security_success) ... ok
test_body_limit (test_sdk.SDKTests.test_body_limit) ... ok
test_embedded_credentials (test_sdk.SDKTests.test_embedded_credentials) ... ok
test_get_must_match_id (test_sdk.SDKTests.test_get_must_match_id) ... ok
test_hashed_unhashable_mode_is_a_client_error (test_sdk.SDKTests.test_hashed_unhashable_mode_is_a_client_error) ... ok
test_https_url (test_sdk.SDKTests.test_https_url) ... ok
test_id_validation (test_sdk.SDKTests.test_id_validation) ... ok
test_parse (test_sdk.SDKTests.test_parse) ... ok
test_parse_rejects (test_sdk.SDKTests.test_parse_rejects) ... ok
test_path_rejected (test_sdk.SDKTests.test_path_rejected) ... ok
test_plaintext_remote_rejected (test_sdk.SDKTests.test_plaintext_remote_rejected) ... ok
test_query_rejected (test_sdk.SDKTests.test_query_rejected) ... ok
test_run_dispatch (test_sdk.SDKTests.test_run_dispatch) ... ok
test_tamper (test_sdk.SDKTests.test_tamper) ... ok
test_unknown_version (test_sdk.SDKTests.test_unknown_version) ... ok
test_valid_hash (test_sdk.SDKTests.test_valid_hash) ... ok
test_zero_timeout (test_sdk.SDKTests.test_zero_timeout) ... ok
test_actual_four_prefix_typed_rows_preserve_adverse_outcomes (test_trace.TraceReaderTests.test_actual_four_prefix_typed_rows_preserve_adverse_outcomes) ... ok
test_all_omissions_preserve_typed_absence (test_trace.TraceReaderTests.test_all_omissions_preserve_typed_absence) ... ok
test_bounds_status_types_and_duplicate_fields (test_trace.TraceReaderTests.test_bounds_status_types_and_duplicate_fields) ... ok
test_caller_report_and_typed_rows_cannot_mutate_snapshot (test_trace.TraceReaderTests.test_caller_report_and_typed_rows_cannot_mutate_snapshot) ... ok
test_exact_shapes_source_pins_and_prefix_order (test_trace.TraceReaderTests.test_exact_shapes_source_pins_and_prefix_order) ... ok
test_hash_tamper_versions_and_nonfinite_numbers (test_trace.TraceReaderTests.test_hash_tamper_versions_and_nonfinite_numbers) ... ok
test_not_mined_queued_input_advances_only_its_own_branch_nonce (test_trace.TraceReaderTests.test_not_mined_queued_input_advances_only_its_own_branch_nonce) ... ok
test_original_one_prefix_and_separate_v01_contract (test_trace.TraceReaderTests.test_original_one_prefix_and_separate_v01_contract) ... ok
test_original_signed_legacy_access_list_and_dynamic_fee_metadata (test_trace.TraceReaderTests.test_original_signed_legacy_access_list_and_dynamic_fee_metadata) ... ok
test_regular_file_import_duplicate_keys_bad_json_and_size (test_trace.TraceReaderTests.test_regular_file_import_duplicate_keys_bad_json_and_size) ... ok
test_reordered_object_keys_keep_same_hash_and_differences (test_trace.TraceReaderTests.test_reordered_object_keys_keep_same_hash_and_differences) ... ok
test_resealed_difference_fields_and_match_flags (test_trace.TraceReaderTests.test_resealed_difference_fields_and_match_flags) ... ok
test_resealed_impossible_gas_revert_and_contract_receipts (test_trace.TraceReaderTests.test_resealed_impossible_gas_revert_and_contract_receipts) ... ok
test_resealed_receipt_identities_types_targets_and_logs (test_trace.TraceReaderTests.test_resealed_receipt_identities_types_targets_and_logs) ... ok
test_rlp_noncanonical_and_unsupported_shapes (test_trace.TraceReaderTests.test_rlp_noncanonical_and_unsupported_shapes) ... ok
test_skip_and_same_parent_nonce_cannot_be_concealed (test_trace.TraceReaderTests.test_skip_and_same_parent_nonce_cannot_be_concealed) ... ok
test_supported_unprotected_legacy_and_total_access_keys (test_trace.TraceReaderTests.test_supported_unprotected_legacy_and_total_access_keys) ... ok
test_unmatched_rejected_baseline_is_readable_without_false_verification (test_trace.TraceReaderTests.test_unmatched_rejected_baseline_is_readable_without_false_verification) ... ok

----------------------------------------------------------------------
Ran 36 tests in 0.159s

OK
