test_case_aliased_local_contracts_are_rejected_before_node_launch (test_engine.ValidationTests.test_case_aliased_local_contracts_are_rejected_before_node_launch) ... 
  test_case_aliased_local_contracts_are_rejected_before_node_launch (test_engine.ValidationTests.test_case_aliased_local_contracts_are_rejected_before_node_launch) (order=['0xabababababababababababababababababababab', '0xABABABABABABABABABABABABABABABABABABABAB']) ... FAIL
  test_case_aliased_local_contracts_are_rejected_before_node_launch (test_engine.ValidationTests.test_case_aliased_local_contracts_are_rejected_before_node_launch) (order=['0xABABABABABABABABABABABABABABABABABABABAB', '0xabababababababababababababababababababab']) ... FAIL
test_single_mixed_case_local_contract_is_preserved (test_engine.ValidationTests.test_single_mixed_case_local_contract_is_preserved) ... ok

======================================================================
FAIL: test_case_aliased_local_contracts_are_rejected_before_node_launch (test_engine.ValidationTests.test_case_aliased_local_contracts_are_rejected_before_node_launch) (order=['0xabababababababababababababababababababab', '0xABABABABABABABABABABABABABABABABABABABAB'])
----------------------------------------------------------------------
Traceback (most recent call last):
  File "<engine-worktree>/tests/test_engine.py", line 129, in test_case_aliased_local_contracts_are_rejected_before_node_launch
    with self.assertRaisesRegex(ValidationError,'unique'):
         ~~~~~~~~~~~~~~~~~~~~~~^^^^^^^^^^^^^^^^^^^^^^^^^^
AssertionError: ValidationError not raised

======================================================================
FAIL: test_case_aliased_local_contracts_are_rejected_before_node_launch (test_engine.ValidationTests.test_case_aliased_local_contracts_are_rejected_before_node_launch) (order=['0xABABABABABABABABABABABABABABABABABABABAB', '0xabababababababababababababababababababab'])
----------------------------------------------------------------------
Traceback (most recent call last):
  File "<engine-worktree>/tests/test_engine.py", line 129, in test_case_aliased_local_contracts_are_rejected_before_node_launch
    with self.assertRaisesRegex(ValidationError,'unique'):
         ~~~~~~~~~~~~~~~~~~~~~~^^^^^^^^^^^^^^^^^^^^^^^^^^
AssertionError: ValidationError not raised

----------------------------------------------------------------------
Ran 2 tests in 0.002s

FAILED (failures=2)
