isolated	Set up job	﻿2026-10-01T18:32:17.5270029Z Current runner version: '2.337.0'
isolated	Set up job	2026-10-01T18:32:17.5294336Z ##[group]Runner Image Provisioner
isolated	Set up job	2026-10-01T18:32:17.5295551Z Hosted Compute Agent
isolated	Set up job	2026-10-01T18:32:17.5296263Z Version: 20260901.588
isolated	Set up job	2026-10-01T18:32:17.5296918Z Commit: f88ec8081b781fac6c440065ac7ff9e710ce3d0b
isolated	Set up job	2026-10-01T18:32:17.5297707Z Build Date: 2026-09-01T19:56:44Z
isolated	Set up job	2026-10-01T18:32:17.5298452Z Worker ID: {3d907b77-752d-4340-8cb9-7dc0282644a0}
isolated	Set up job	2026-10-01T18:32:17.5299181Z Azure Region: westus
isolated	Set up job	2026-10-01T18:32:17.5299800Z ##[endgroup]
isolated	Set up job	2026-10-01T18:32:17.5301246Z ##[group]Operating System
isolated	Set up job	2026-10-01T18:32:17.5302013Z Ubuntu
isolated	Set up job	2026-10-01T18:32:17.5302603Z 24.04.5
isolated	Set up job	2026-10-01T18:32:17.5303113Z LTS
isolated	Set up job	2026-10-01T18:32:17.5303670Z ##[endgroup]
isolated	Set up job	2026-10-01T18:32:17.5304227Z ##[group]Runner Image
isolated	Set up job	2026-10-01T18:32:17.5304832Z Image: ubuntu-24.04
isolated	Set up job	2026-10-01T18:32:17.5305788Z Version: 20260927.320.1
isolated	Set up job	2026-10-01T18:32:17.5306898Z Included Software: https://github.com/actions/runner-images/blob/ubuntu24/20260927.320/images/ubuntu/Ubuntu2404-Readme.md
isolated	Set up job	2026-10-01T18:32:17.5308742Z Image Release: https://github.com/actions/runner-images/releases/tag/ubuntu24%2F20260927.320
isolated	Set up job	2026-10-01T18:32:17.5309730Z ##[endgroup]
isolated	Set up job	2026-10-01T18:32:17.5310941Z ##[group]GITHUB_TOKEN Permissions
isolated	Set up job	2026-10-01T18:32:17.5312747Z Contents: read
isolated	Set up job	2026-10-01T18:32:17.5313488Z Metadata: read
isolated	Set up job	2026-10-01T18:32:17.5314069Z ##[endgroup]
isolated	Set up job	2026-10-01T18:32:17.5316860Z Secret source: Actions
isolated	Set up job	2026-10-01T18:32:17.5317932Z Cache mode: write
isolated	Set up job	2026-10-01T18:32:17.5318664Z Prepare workflow directory
isolated	Set up job	2026-10-01T18:32:17.5708015Z Prepare all required actions
isolated	Set up job	2026-10-01T18:32:17.5755704Z Getting action download info
isolated	Set up job	2026-10-01T18:32:18.0273331Z Download action repository 'actions/checkout@11d5960a326750d5838078e36cf38b85af677262' (SHA:11d5960a326750d5838078e36cf38b85af677262)
isolated	Set up job	2026-10-01T18:32:18.1284721Z Download action repository 'actions/setup-python@a26af69be951a213d495a4c3e4e4022e16d87065' (SHA:a26af69be951a213d495a4c3e4e4022e16d87065)
isolated	Set up job	2026-10-01T18:32:18.2108341Z Download action repository 'foundry-rs/foundry-toolchain@908c540300062bd5a7e473851cdb4282204cee09' (SHA:908c540300062bd5a7e473851cdb4282204cee09)
isolated	Set up job	2026-10-01T18:32:18.6725589Z Download action repository 'actions/upload-artifact@ea165f8d65b6e75b540449e92b4886f43607fa02' (SHA:ea165f8d65b6e75b540449e92b4886f43607fa02)
isolated	Set up job	2026-10-01T18:32:18.9092348Z Complete job name: isolated
isolated	Run actions/checkout@11d5960a326750d5838078e36cf38b85af677262	﻿2026-10-01T18:32:19.0170261Z ##[group]Run actions/checkout@11d5960a326750d5838078e36cf38b85af677262
isolated	Run actions/checkout@11d5960a326750d5838078e36cf38b85af677262	2026-10-01T18:32:19.0171945Z with:
isolated	Run actions/checkout@11d5960a326750d5838078e36cf38b85af677262	2026-10-01T18:32:19.0172724Z   repository: entrotter/engine
isolated	Run actions/checkout@11d5960a326750d5838078e36cf38b85af677262	2026-10-01T18:32:19.0181211Z   token: ***
isolated	Run actions/checkout@11d5960a326750d5838078e36cf38b85af677262	2026-10-01T18:32:19.0181997Z   ssh-strict: true
isolated	Run actions/checkout@11d5960a326750d5838078e36cf38b85af677262	2026-10-01T18:32:19.0182786Z   ssh-user: git
isolated	Run actions/checkout@11d5960a326750d5838078e36cf38b85af677262	2026-10-01T18:32:19.0183603Z   persist-credentials: true
isolated	Run actions/checkout@11d5960a326750d5838078e36cf38b85af677262	2026-10-01T18:32:19.0184502Z   clean: true
isolated	Run actions/checkout@11d5960a326750d5838078e36cf38b85af677262	2026-10-01T18:32:19.0185492Z   sparse-checkout-cone-mode: true
isolated	Run actions/checkout@11d5960a326750d5838078e36cf38b85af677262	2026-10-01T18:32:19.0186478Z   fetch-depth: 1
isolated	Run actions/checkout@11d5960a326750d5838078e36cf38b85af677262	2026-10-01T18:32:19.0187260Z   fetch-tags: false
isolated	Run actions/checkout@11d5960a326750d5838078e36cf38b85af677262	2026-10-01T18:32:19.0188058Z   show-progress: true
isolated	Run actions/checkout@11d5960a326750d5838078e36cf38b85af677262	2026-10-01T18:32:19.0188879Z   lfs: false
isolated	Run actions/checkout@11d5960a326750d5838078e36cf38b85af677262	2026-10-01T18:32:19.0189663Z   submodules: false
isolated	Run actions/checkout@11d5960a326750d5838078e36cf38b85af677262	2026-10-01T18:32:19.0190479Z   set-safe-directory: true
isolated	Run actions/checkout@11d5960a326750d5838078e36cf38b85af677262	2026-10-01T18:32:19.0191416Z   allow-unsafe-pr-checkout: false
isolated	Run actions/checkout@11d5960a326750d5838078e36cf38b85af677262	2026-10-01T18:32:19.0192651Z env:
isolated	Run actions/checkout@11d5960a326750d5838078e36cf38b85af677262	2026-10-01T18:32:19.0193386Z   PYTHONPATH: src
isolated	Run actions/checkout@11d5960a326750d5838078e36cf38b85af677262	2026-10-01T18:32:19.0194307Z   ENTROTTER_DOCKER_SOCKET: /var/run/docker.sock
isolated	Run actions/checkout@11d5960a326750d5838078e36cf38b85af677262	2026-10-01T18:32:19.0195560Z ##[endgroup]
isolated	Run actions/checkout@11d5960a326750d5838078e36cf38b85af677262	2026-10-01T18:32:19.1202747Z Syncing repository: entrotter/engine
isolated	Run actions/checkout@11d5960a326750d5838078e36cf38b85af677262	2026-10-01T18:32:19.1205735Z ##[group]Getting Git version info
isolated	Run actions/checkout@11d5960a326750d5838078e36cf38b85af677262	2026-10-01T18:32:19.1207029Z Working directory is '/home/runner/work/engine/engine'
isolated	Run actions/checkout@11d5960a326750d5838078e36cf38b85af677262	2026-10-01T18:32:19.1208858Z [command]/usr/bin/git version
isolated	Run actions/checkout@11d5960a326750d5838078e36cf38b85af677262	2026-10-01T18:32:19.1328146Z git version 2.55.0
isolated	Run actions/checkout@11d5960a326750d5838078e36cf38b85af677262	2026-10-01T18:32:19.1355387Z ##[endgroup]
isolated	Run actions/checkout@11d5960a326750d5838078e36cf38b85af677262	2026-10-01T18:32:19.1373706Z Temporarily overriding HOME='/home/runner/work/_temp/a531071b-98d8-456b-aa9c-c268d29490d7' before making global git config changes
isolated	Run actions/checkout@11d5960a326750d5838078e36cf38b85af677262	2026-10-01T18:32:19.1376839Z Adding repository directory to the temporary git global config as a safe directory
isolated	Run actions/checkout@11d5960a326750d5838078e36cf38b85af677262	2026-10-01T18:32:19.1380070Z [command]/usr/bin/git config --global --add safe.directory /home/runner/work/engine/engine
isolated	Run actions/checkout@11d5960a326750d5838078e36cf38b85af677262	2026-10-01T18:32:19.1441361Z Deleting the contents of '/home/runner/work/engine/engine'
isolated	Run actions/checkout@11d5960a326750d5838078e36cf38b85af677262	2026-10-01T18:32:19.1445182Z ##[group]Initializing the repository
isolated	Run actions/checkout@11d5960a326750d5838078e36cf38b85af677262	2026-10-01T18:32:19.1449939Z [command]/usr/bin/git init /home/runner/work/engine/engine
isolated	Run actions/checkout@11d5960a326750d5838078e36cf38b85af677262	2026-10-01T18:32:19.1600807Z hint: Using 'master' as the name for the initial branch. This default branch name
isolated	Run actions/checkout@11d5960a326750d5838078e36cf38b85af677262	2026-10-01T18:32:19.1605593Z hint: will change to "main" in Git 3.0. To configure the initial branch name
isolated	Run actions/checkout@11d5960a326750d5838078e36cf38b85af677262	2026-10-01T18:32:19.1708093Z hint: to use in all of your new repositories, which will suppress this warning,
isolated	Run actions/checkout@11d5960a326750d5838078e36cf38b85af677262	2026-10-01T18:32:19.1710830Z hint: call:
isolated	Run actions/checkout@11d5960a326750d5838078e36cf38b85af677262	2026-10-01T18:32:19.1712007Z hint:
isolated	Run actions/checkout@11d5960a326750d5838078e36cf38b85af677262	2026-10-01T18:32:19.1713538Z hint: 	git config --global init.defaultBranch <name>
isolated	Run actions/checkout@11d5960a326750d5838078e36cf38b85af677262	2026-10-01T18:32:19.1715718Z hint:
isolated	Run actions/checkout@11d5960a326750d5838078e36cf38b85af677262	2026-10-01T18:32:19.1717549Z hint: Names commonly chosen instead of 'master' are 'main', 'trunk' and
isolated	Run actions/checkout@11d5960a326750d5838078e36cf38b85af677262	2026-10-01T18:32:19.1720575Z hint: 'development'. The just-created branch can be renamed via this command:
isolated	Run actions/checkout@11d5960a326750d5838078e36cf38b85af677262	2026-10-01T18:32:19.1734799Z hint:
isolated	Run actions/checkout@11d5960a326750d5838078e36cf38b85af677262	2026-10-01T18:32:19.1736309Z hint: 	git branch -m <name>
isolated	Run actions/checkout@11d5960a326750d5838078e36cf38b85af677262	2026-10-01T18:32:19.1737454Z hint:
isolated	Run actions/checkout@11d5960a326750d5838078e36cf38b85af677262	2026-10-01T18:32:19.1738881Z hint: Disable this message with "git config set advice.defaultBranchName false"
isolated	Run actions/checkout@11d5960a326750d5838078e36cf38b85af677262	2026-10-01T18:32:19.1741486Z Initialized empty Git repository in /home/runner/work/engine/engine/.git/
isolated	Run actions/checkout@11d5960a326750d5838078e36cf38b85af677262	2026-10-01T18:32:19.1749030Z [command]/usr/bin/git remote add origin https://github.com/entrotter/engine
isolated	Run actions/checkout@11d5960a326750d5838078e36cf38b85af677262	2026-10-01T18:32:19.1755553Z ##[endgroup]
isolated	Run actions/checkout@11d5960a326750d5838078e36cf38b85af677262	2026-10-01T18:32:19.1756970Z ##[group]Disabling automatic garbage collection
isolated	Run actions/checkout@11d5960a326750d5838078e36cf38b85af677262	2026-10-01T18:32:19.1758196Z [command]/usr/bin/git config --local gc.auto 0
isolated	Run actions/checkout@11d5960a326750d5838078e36cf38b85af677262	2026-10-01T18:32:19.1760800Z ##[endgroup]
isolated	Run actions/checkout@11d5960a326750d5838078e36cf38b85af677262	2026-10-01T18:32:19.1762030Z ##[group]Setting up auth
isolated	Run actions/checkout@11d5960a326750d5838078e36cf38b85af677262	2026-10-01T18:32:19.1763331Z [command]/usr/bin/git config --local --name-only --get-regexp core\.sshCommand
isolated	Run actions/checkout@11d5960a326750d5838078e36cf38b85af677262	2026-10-01T18:32:19.1775912Z [command]/usr/bin/git submodule foreach --recursive sh -c "git config --local --name-only --get-regexp 'core\.sshCommand' && git config --local --unset-all 'core.sshCommand' || :"
isolated	Run actions/checkout@11d5960a326750d5838078e36cf38b85af677262	2026-10-01T18:32:19.2184006Z [command]/usr/bin/git config --local --name-only --get-regexp http\.https\:\/\/github\.com\/\.extraheader
isolated	Run actions/checkout@11d5960a326750d5838078e36cf38b85af677262	2026-10-01T18:32:19.2221810Z [command]/usr/bin/git submodule foreach --recursive sh -c "git config --local --name-only --get-regexp 'http\.https\:\/\/github\.com\/\.extraheader' && git config --local --unset-all 'http.https://github.com/.extraheader' || :"
isolated	Run actions/checkout@11d5960a326750d5838078e36cf38b85af677262	2026-10-01T18:32:19.2443778Z [command]/usr/bin/git config --local --name-only --get-regexp ^includeIf\.gitdir:
isolated	Run actions/checkout@11d5960a326750d5838078e36cf38b85af677262	2026-10-01T18:32:19.2481816Z [command]/usr/bin/git submodule foreach --recursive git config --local --show-origin --name-only --get-regexp remote.origin.url
isolated	Run actions/checkout@11d5960a326750d5838078e36cf38b85af677262	2026-10-01T18:32:19.2711938Z [command]/usr/bin/git config --local http.https://github.com/.extraheader AUTHORIZATION: basic ***
isolated	Run actions/checkout@11d5960a326750d5838078e36cf38b85af677262	2026-10-01T18:32:19.2751772Z ##[endgroup]
isolated	Run actions/checkout@11d5960a326750d5838078e36cf38b85af677262	2026-10-01T18:32:19.2761397Z ##[group]Fetching the repository
isolated	Run actions/checkout@11d5960a326750d5838078e36cf38b85af677262	2026-10-01T18:32:19.2764272Z [command]/usr/bin/git -c protocol.version=2 fetch --no-tags --prune --no-recurse-submodules --depth=1 origin +167a14ef8b6741781bb25d157374ddb9063d38fb:refs/remotes/pull/32/merge
isolated	Run actions/checkout@11d5960a326750d5838078e36cf38b85af677262	2026-10-01T18:32:19.7859234Z From https://github.com/entrotter/engine
isolated	Run actions/checkout@11d5960a326750d5838078e36cf38b85af677262	2026-10-01T18:32:19.7861146Z  * [new ref]         167a14ef8b6741781bb25d157374ddb9063d38fb -> pull/32/merge
isolated	Run actions/checkout@11d5960a326750d5838078e36cf38b85af677262	2026-10-01T18:32:19.7866470Z ##[endgroup]
isolated	Run actions/checkout@11d5960a326750d5838078e36cf38b85af677262	2026-10-01T18:32:19.7868788Z ##[group]Determining the checkout info
isolated	Run actions/checkout@11d5960a326750d5838078e36cf38b85af677262	2026-10-01T18:32:19.7870682Z ##[endgroup]
isolated	Run actions/checkout@11d5960a326750d5838078e36cf38b85af677262	2026-10-01T18:32:19.7875835Z [command]/usr/bin/git sparse-checkout disable
isolated	Run actions/checkout@11d5960a326750d5838078e36cf38b85af677262	2026-10-01T18:32:19.7930253Z [command]/usr/bin/git config --local --unset-all extensions.worktreeConfig
isolated	Run actions/checkout@11d5960a326750d5838078e36cf38b85af677262	2026-10-01T18:32:19.8000616Z ##[group]Checking out the ref
isolated	Run actions/checkout@11d5960a326750d5838078e36cf38b85af677262	2026-10-01T18:32:19.8002050Z [command]/usr/bin/git checkout --progress --force refs/remotes/pull/32/merge
isolated	Run actions/checkout@11d5960a326750d5838078e36cf38b85af677262	2026-10-01T18:32:19.8159069Z Note: switching to 'refs/remotes/pull/32/merge'.
isolated	Run actions/checkout@11d5960a326750d5838078e36cf38b85af677262	2026-10-01T18:32:19.8160070Z 
isolated	Run actions/checkout@11d5960a326750d5838078e36cf38b85af677262	2026-10-01T18:32:19.8161006Z You are in 'detached HEAD' state. You can look around, make experimental
isolated	Run actions/checkout@11d5960a326750d5838078e36cf38b85af677262	2026-10-01T18:32:19.8163269Z changes and commit them, and you can discard any commits you make in this
isolated	Run actions/checkout@11d5960a326750d5838078e36cf38b85af677262	2026-10-01T18:32:19.8165418Z state without impacting any branches by switching back to a branch.
isolated	Run actions/checkout@11d5960a326750d5838078e36cf38b85af677262	2026-10-01T18:32:19.8166587Z 
isolated	Run actions/checkout@11d5960a326750d5838078e36cf38b85af677262	2026-10-01T18:32:19.8167356Z If you want to create a new branch to retain commits you create, you may
isolated	Run actions/checkout@11d5960a326750d5838078e36cf38b85af677262	2026-10-01T18:32:19.8169669Z do so (now or later) by using -c with the switch command. Example:
isolated	Run actions/checkout@11d5960a326750d5838078e36cf38b85af677262	2026-10-01T18:32:19.8170742Z 
isolated	Run actions/checkout@11d5960a326750d5838078e36cf38b85af677262	2026-10-01T18:32:19.8171200Z   git switch -c <new-branch-name>
isolated	Run actions/checkout@11d5960a326750d5838078e36cf38b85af677262	2026-10-01T18:32:19.8171918Z 
isolated	Run actions/checkout@11d5960a326750d5838078e36cf38b85af677262	2026-10-01T18:32:19.8172598Z Or undo this operation with:
isolated	Run actions/checkout@11d5960a326750d5838078e36cf38b85af677262	2026-10-01T18:32:19.8173521Z 
isolated	Run actions/checkout@11d5960a326750d5838078e36cf38b85af677262	2026-10-01T18:32:19.8173957Z   git switch -
isolated	Run actions/checkout@11d5960a326750d5838078e36cf38b85af677262	2026-10-01T18:32:19.8174499Z 
isolated	Run actions/checkout@11d5960a326750d5838078e36cf38b85af677262	2026-10-01T18:32:19.8175467Z Turn off this advice by setting config variable advice.detachedHead to false
isolated	Run actions/checkout@11d5960a326750d5838078e36cf38b85af677262	2026-10-01T18:32:19.8176651Z 
isolated	Run actions/checkout@11d5960a326750d5838078e36cf38b85af677262	2026-10-01T18:32:19.8177922Z HEAD is now at 167a14e Merge e84980edd3945d405bf118790b8166c95bd75c7b into 935558a5b95755c72ca6fb24f076b3a231fa5b64
isolated	Run actions/checkout@11d5960a326750d5838078e36cf38b85af677262	2026-10-01T18:32:19.8181973Z ##[endgroup]
isolated	Run actions/checkout@11d5960a326750d5838078e36cf38b85af677262	2026-10-01T18:32:19.8217763Z [command]/usr/bin/git log -1 --format=%H
isolated	Run actions/checkout@11d5960a326750d5838078e36cf38b85af677262	2026-10-01T18:32:19.8243778Z 167a14ef8b6741781bb25d157374ddb9063d38fb
isolated	Run actions/setup-python@a26af69be951a213d495a4c3e4e4022e16d87065	﻿2026-10-01T18:32:19.8597795Z ##[group]Run actions/setup-python@a26af69be951a213d495a4c3e4e4022e16d87065
isolated	Run actions/setup-python@a26af69be951a213d495a4c3e4e4022e16d87065	2026-10-01T18:32:19.8599313Z with:
isolated	Run actions/setup-python@a26af69be951a213d495a4c3e4e4022e16d87065	2026-10-01T18:32:19.8600116Z   python-version: 3.12
isolated	Run actions/setup-python@a26af69be951a213d495a4c3e4e4022e16d87065	2026-10-01T18:32:19.8601013Z   check-latest: false
isolated	Run actions/setup-python@a26af69be951a213d495a4c3e4e4022e16d87065	2026-10-01T18:32:19.8608999Z   token: ***
isolated	Run actions/setup-python@a26af69be951a213d495a4c3e4e4022e16d87065	2026-10-01T18:32:19.8609865Z   update-environment: true
isolated	Run actions/setup-python@a26af69be951a213d495a4c3e4e4022e16d87065	2026-10-01T18:32:19.8610847Z   allow-prereleases: false
isolated	Run actions/setup-python@a26af69be951a213d495a4c3e4e4022e16d87065	2026-10-01T18:32:19.8611799Z   freethreaded: false
isolated	Run actions/setup-python@a26af69be951a213d495a4c3e4e4022e16d87065	2026-10-01T18:32:19.8612654Z env:
isolated	Run actions/setup-python@a26af69be951a213d495a4c3e4e4022e16d87065	2026-10-01T18:32:19.8613430Z   PYTHONPATH: src
isolated	Run actions/setup-python@a26af69be951a213d495a4c3e4e4022e16d87065	2026-10-01T18:32:19.8614387Z   ENTROTTER_DOCKER_SOCKET: /var/run/docker.sock
isolated	Run actions/setup-python@a26af69be951a213d495a4c3e4e4022e16d87065	2026-10-01T18:32:19.8615886Z ##[endgroup]
isolated	Run actions/setup-python@a26af69be951a213d495a4c3e4e4022e16d87065	2026-10-01T18:32:19.9966585Z ##[group]Installed versions
isolated	Run actions/setup-python@a26af69be951a213d495a4c3e4e4022e16d87065	2026-10-01T18:32:20.0060977Z (node:2302) [DEP0040] DeprecationWarning: The `punycode` module is deprecated. Please use a userland alternative instead.
isolated	Run actions/setup-python@a26af69be951a213d495a4c3e4e4022e16d87065	2026-10-01T18:32:20.0066114Z (Use `node --trace-deprecation ...` to show where the warning was created)
isolated	Run actions/setup-python@a26af69be951a213d495a4c3e4e4022e16d87065	2026-10-01T18:32:20.0070087Z Successfully set up CPython (3.12.14)
isolated	Run actions/setup-python@a26af69be951a213d495a4c3e4e4022e16d87065	2026-10-01T18:32:20.0072421Z ##[endgroup]
isolated	Run foundry-rs/foundry-toolchain@908c540300062bd5a7e473851cdb4282204cee09	﻿2026-10-01T18:32:20.0416065Z ##[group]Run foundry-rs/foundry-toolchain@908c540300062bd5a7e473851cdb4282204cee09
isolated	Run foundry-rs/foundry-toolchain@908c540300062bd5a7e473851cdb4282204cee09	2026-10-01T18:32:20.0418686Z with:
isolated	Run foundry-rs/foundry-toolchain@908c540300062bd5a7e473851cdb4282204cee09	2026-10-01T18:32:20.0419943Z   version: v1.8.3
isolated	Run foundry-rs/foundry-toolchain@908c540300062bd5a7e473851cdb4282204cee09	2026-10-01T18:32:20.0421309Z   network: ethereum
isolated	Run foundry-rs/foundry-toolchain@908c540300062bd5a7e473851cdb4282204cee09	2026-10-01T18:32:20.0422709Z   cache: true
isolated	Run foundry-rs/foundry-toolchain@908c540300062bd5a7e473851cdb4282204cee09	2026-10-01T18:32:20.0423850Z   cache-key: isolated-167a14ef8b6741781bb25d157374ddb9063d38fb
isolated	Run foundry-rs/foundry-toolchain@908c540300062bd5a7e473851cdb4282204cee09	2026-10-01T18:32:20.0425754Z   cache-restore-keys: isolated-
isolated	Run foundry-rs/foundry-toolchain@908c540300062bd5a7e473851cdb4282204cee09	2026-10-01T18:32:20.0426976Z env:
isolated	Run foundry-rs/foundry-toolchain@908c540300062bd5a7e473851cdb4282204cee09	2026-10-01T18:32:20.0427871Z   PYTHONPATH: src
isolated	Run foundry-rs/foundry-toolchain@908c540300062bd5a7e473851cdb4282204cee09	2026-10-01T18:32:20.0429000Z   ENTROTTER_DOCKER_SOCKET: /var/run/docker.sock
isolated	Run foundry-rs/foundry-toolchain@908c540300062bd5a7e473851cdb4282204cee09	2026-10-01T18:32:20.0430611Z   pythonLocation: /opt/hostedtoolcache/Python/3.12.14/x64
isolated	Run foundry-rs/foundry-toolchain@908c540300062bd5a7e473851cdb4282204cee09	2026-10-01T18:32:20.0432634Z   PKG_CONFIG_PATH: /opt/hostedtoolcache/Python/3.12.14/x64/lib/pkgconfig
isolated	Run foundry-rs/foundry-toolchain@908c540300062bd5a7e473851cdb4282204cee09	2026-10-01T18:32:20.0435327Z   Python_ROOT_DIR: /opt/hostedtoolcache/Python/3.12.14/x64
isolated	Run foundry-rs/foundry-toolchain@908c540300062bd5a7e473851cdb4282204cee09	2026-10-01T18:32:20.0436877Z   Python2_ROOT_DIR: /opt/hostedtoolcache/Python/3.12.14/x64
isolated	Run foundry-rs/foundry-toolchain@908c540300062bd5a7e473851cdb4282204cee09	2026-10-01T18:32:20.0438365Z   Python3_ROOT_DIR: /opt/hostedtoolcache/Python/3.12.14/x64
isolated	Run foundry-rs/foundry-toolchain@908c540300062bd5a7e473851cdb4282204cee09	2026-10-01T18:32:20.0439935Z   LD_LIBRARY_PATH: /opt/hostedtoolcache/Python/3.12.14/x64/lib
isolated	Run foundry-rs/foundry-toolchain@908c540300062bd5a7e473851cdb4282204cee09	2026-10-01T18:32:20.0441210Z ##[endgroup]
isolated	Run foundry-rs/foundry-toolchain@908c540300062bd5a7e473851cdb4282204cee09	2026-10-01T18:32:20.1711326Z Installing Foundry (version: v1.8.3)
isolated	Run foundry-rs/foundry-toolchain@908c540300062bd5a7e473851cdb4282204cee09	2026-10-01T18:32:20.1715156Z Downloading foundryup installer from foundry-rs/foundryup@a27902ef04dcb43061fabf343365cb5afc95fc48...
isolated	Run foundry-rs/foundry-toolchain@908c540300062bd5a7e473851cdb4282204cee09	2026-10-01T18:32:20.1983671Z Running foundryup installer...
isolated	Run foundry-rs/foundry-toolchain@908c540300062bd5a7e473851cdb4282204cee09	2026-10-01T18:32:20.6407627Z Running: foundryup --install 1.8.3
isolated	Run foundry-rs/foundry-toolchain@908c540300062bd5a7e473851cdb4282204cee09	2026-10-01T18:32:23.7370228Z Added /home/runner/.foundry/bin to PATH
isolated	Run foundry-rs/foundry-toolchain@908c540300062bd5a7e473851cdb4282204cee09	2026-10-01T18:32:23.7371502Z Primary key: linux-foundry-chain-fork-isolated-167a14ef8b6741781bb25d157374ddb9063d38fb
isolated	Run foundry-rs/foundry-toolchain@908c540300062bd5a7e473851cdb4282204cee09	2026-10-01T18:32:23.7380641Z Restore keys: linux-foundry-chain-fork-isolated-
isolated	Run foundry-rs/foundry-toolchain@908c540300062bd5a7e473851cdb4282204cee09	2026-10-01T18:32:24.0391421Z Cache not found
isolated	Run foundry-rs/foundry-toolchain@908c540300062bd5a7e473851cdb4282204cee09	2026-10-01T18:32:24.0391953Z Running: forge --version
isolated	Run foundry-rs/foundry-toolchain@908c540300062bd5a7e473851cdb4282204cee09	2026-10-01T18:32:24.0450902Z forge Version: 1.8.3
isolated	Run foundry-rs/foundry-toolchain@908c540300062bd5a7e473851cdb4282204cee09	2026-10-01T18:32:24.0451436Z Commit SHA: cae51ad458f6abb64852b7709eb784352429825d
isolated	Run foundry-rs/foundry-toolchain@908c540300062bd5a7e473851cdb4282204cee09	2026-10-01T18:32:24.0451952Z Build Timestamp: 2026-09-15T10:46:16.519267388Z (1789469176)
isolated	Run foundry-rs/foundry-toolchain@908c540300062bd5a7e473851cdb4282204cee09	2026-10-01T18:32:24.0452318Z Build Profile: dist
isolated	Run foundry-rs/foundry-toolchain@908c540300062bd5a7e473851cdb4282204cee09	2026-10-01T18:32:24.0456824Z Running: cast --version
isolated	Run foundry-rs/foundry-toolchain@908c540300062bd5a7e473851cdb4282204cee09	2026-10-01T18:32:24.0535064Z cast Version: 1.8.3
isolated	Run foundry-rs/foundry-toolchain@908c540300062bd5a7e473851cdb4282204cee09	2026-10-01T18:32:24.0535769Z Commit SHA: cae51ad458f6abb64852b7709eb784352429825d
isolated	Run foundry-rs/foundry-toolchain@908c540300062bd5a7e473851cdb4282204cee09	2026-10-01T18:32:24.0536432Z Build Timestamp: 2026-09-15T10:46:16.519267388Z (1789469176)
isolated	Run foundry-rs/foundry-toolchain@908c540300062bd5a7e473851cdb4282204cee09	2026-10-01T18:32:24.0537004Z Build Profile: dist
isolated	Run foundry-rs/foundry-toolchain@908c540300062bd5a7e473851cdb4282204cee09	2026-10-01T18:32:24.0541312Z Running: anvil --version
isolated	Run foundry-rs/foundry-toolchain@908c540300062bd5a7e473851cdb4282204cee09	2026-10-01T18:32:24.0579393Z anvil Version: 1.8.3
isolated	Run foundry-rs/foundry-toolchain@908c540300062bd5a7e473851cdb4282204cee09	2026-10-01T18:32:24.0579918Z Commit SHA: cae51ad458f6abb64852b7709eb784352429825d
isolated	Run foundry-rs/foundry-toolchain@908c540300062bd5a7e473851cdb4282204cee09	2026-10-01T18:32:24.0580563Z Build Timestamp: 2026-09-15T10:46:16.519267388Z (1789469176)
isolated	Run foundry-rs/foundry-toolchain@908c540300062bd5a7e473851cdb4282204cee09	2026-10-01T18:32:24.0581156Z Build Profile: dist
isolated	Run foundry-rs/foundry-toolchain@908c540300062bd5a7e473851cdb4282204cee09	2026-10-01T18:32:24.0582871Z Running: chisel --version
isolated	Run foundry-rs/foundry-toolchain@908c540300062bd5a7e473851cdb4282204cee09	2026-10-01T18:32:24.0620903Z chisel Version: 1.8.3
isolated	Run foundry-rs/foundry-toolchain@908c540300062bd5a7e473851cdb4282204cee09	2026-10-01T18:32:24.0621565Z Commit SHA: cae51ad458f6abb64852b7709eb784352429825d
isolated	Run foundry-rs/foundry-toolchain@908c540300062bd5a7e473851cdb4282204cee09	2026-10-01T18:32:24.0622286Z Build Timestamp: 2026-09-15T10:46:16.519267388Z (1789469176)
isolated	Run foundry-rs/foundry-toolchain@908c540300062bd5a7e473851cdb4282204cee09	2026-10-01T18:32:24.0622938Z Build Profile: dist
isolated	Build local worker from digest-verified inputs	﻿2026-10-01T18:32:24.0763970Z ##[group]Run python scripts/build_worker.py
isolated	Build local worker from digest-verified inputs	2026-10-01T18:32:24.0764409Z [36;1mpython scripts/build_worker.py[0m
isolated	Build local worker from digest-verified inputs	2026-10-01T18:32:24.0764711Z [36;1mpython - <<'PY'[0m
isolated	Build local worker from digest-verified inputs	2026-10-01T18:32:24.0765329Z [36;1mimport json, os[0m
isolated	Build local worker from digest-verified inputs	2026-10-01T18:32:24.0765596Z [36;1mfrom pathlib import Path[0m
isolated	Build local worker from digest-verified inputs	2026-10-01T18:32:24.0766069Z [36;1mimage = json.loads(Path('worker-image.json').read_text())['image_id'][0m
isolated	Build local worker from digest-verified inputs	2026-10-01T18:32:24.0766575Z [36;1mwith open(os.environ['GITHUB_ENV'], 'a') as output:[0m
isolated	Build local worker from digest-verified inputs	2026-10-01T18:32:24.0766971Z [36;1m    output.write('ENTROTTER_WORKER_IMAGE=' + image + '\n')[0m
isolated	Build local worker from digest-verified inputs	2026-10-01T18:32:24.0767298Z [36;1mPY[0m
isolated	Build local worker from digest-verified inputs	2026-10-01T18:32:24.1044780Z shell: /usr/bin/bash -e {0}
isolated	Build local worker from digest-verified inputs	2026-10-01T18:32:24.1045421Z env:
isolated	Build local worker from digest-verified inputs	2026-10-01T18:32:24.1045689Z   PYTHONPATH: src
isolated	Build local worker from digest-verified inputs	2026-10-01T18:32:24.1046068Z   ENTROTTER_DOCKER_SOCKET: /var/run/docker.sock
isolated	Build local worker from digest-verified inputs	2026-10-01T18:32:24.1046601Z   pythonLocation: /opt/hostedtoolcache/Python/3.12.14/x64
isolated	Build local worker from digest-verified inputs	2026-10-01T18:32:24.1047225Z   PKG_CONFIG_PATH: /opt/hostedtoolcache/Python/3.12.14/x64/lib/pkgconfig
isolated	Build local worker from digest-verified inputs	2026-10-01T18:32:24.1047877Z   Python_ROOT_DIR: /opt/hostedtoolcache/Python/3.12.14/x64
isolated	Build local worker from digest-verified inputs	2026-10-01T18:32:24.1048425Z   Python2_ROOT_DIR: /opt/hostedtoolcache/Python/3.12.14/x64
isolated	Build local worker from digest-verified inputs	2026-10-01T18:32:24.1048978Z   Python3_ROOT_DIR: /opt/hostedtoolcache/Python/3.12.14/x64
isolated	Build local worker from digest-verified inputs	2026-10-01T18:32:24.1049538Z   LD_LIBRARY_PATH: /opt/hostedtoolcache/Python/3.12.14/x64/lib
isolated	Build local worker from digest-verified inputs	2026-10-01T18:32:24.1050004Z ##[endgroup]
isolated	Build local worker from digest-verified inputs	2026-10-01T18:32:28.0950667Z #0 building with "default" instance using docker driver
isolated	Build local worker from digest-verified inputs	2026-10-01T18:32:28.0951270Z 
isolated	Build local worker from digest-verified inputs	2026-10-01T18:32:28.0951523Z #1 [internal] load build definition from Dockerfile
isolated	Build local worker from digest-verified inputs	2026-10-01T18:32:28.0952261Z #1 transferring dockerfile: 360B done
isolated	Build local worker from digest-verified inputs	2026-10-01T18:32:28.0952872Z #1 DONE 0.0s
isolated	Build local worker from digest-verified inputs	2026-10-01T18:32:28.0953171Z 
isolated	Build local worker from digest-verified inputs	2026-10-01T18:32:28.0954141Z #2 [internal] load metadata for cgr.dev/chainguard/python@sha256:011e73b4e30e0fe9407a42b82a920b4fa13ebc0bf029a48b714f950df254ca20
isolated	Build local worker from digest-verified inputs	2026-10-01T18:32:29.0115380Z #2 DONE 1.1s
isolated	Build local worker from digest-verified inputs	2026-10-01T18:32:29.1315910Z 
isolated	Build local worker from digest-verified inputs	2026-10-01T18:32:29.1316633Z #3 [internal] load .dockerignore
isolated	Build local worker from digest-verified inputs	2026-10-01T18:32:29.1319898Z #3 transferring context: 2B done
isolated	Build local worker from digest-verified inputs	2026-10-01T18:32:29.1320748Z #3 DONE 0.0s
isolated	Build local worker from digest-verified inputs	2026-10-01T18:32:29.1320887Z 
isolated	Build local worker from digest-verified inputs	2026-10-01T18:32:29.1321288Z #4 [1/4] FROM cgr.dev/chainguard/python@sha256:011e73b4e30e0fe9407a42b82a920b4fa13ebc0bf029a48b714f950df254ca20
isolated	Build local worker from digest-verified inputs	2026-10-01T18:32:29.1322073Z #4 resolve cgr.dev/chainguard/python@sha256:011e73b4e30e0fe9407a42b82a920b4fa13ebc0bf029a48b714f950df254ca20 done
isolated	Build local worker from digest-verified inputs	2026-10-01T18:32:29.1322821Z #4 sha256:011e73b4e30e0fe9407a42b82a920b4fa13ebc0bf029a48b714f950df254ca20 1.12kB / 1.12kB done
isolated	Build local worker from digest-verified inputs	2026-10-01T18:32:29.1323848Z #4 sha256:51c6e4fc19caa33401af779542d33d25f48c4d0d1756a38a5123f587c47b6c2a 2.82kB / 2.82kB done
isolated	Build local worker from digest-verified inputs	2026-10-01T18:32:29.1324532Z #4 sha256:6f89f21351dab025eae2c7594f802e958c6813114f16752c22e6407aa0630a21 2.50kB / 2.50kB done
isolated	Build local worker from digest-verified inputs	2026-10-01T18:32:29.1326119Z #4 sha256:28c972c1431bbe69cb9b16c0f75b357850302e8503212392cc1e00cb26d9e9d0 0B / 2.94MB 0.1s
isolated	Build local worker from digest-verified inputs	2026-10-01T18:32:29.1327206Z #4 sha256:353fe07a386aa143c5d62d72d7b14a8381e048fa86b06155b88e8037afe16a86 0B / 3.36MB 0.1s
isolated	Build local worker from digest-verified inputs	2026-10-01T18:32:29.1328312Z #4 sha256:1a2d7475c7c0b979faefb02732f8f0aa40bd0862c41d134f81b00886aec1f01f 0B / 12.91MB 0.1s
isolated	Build local worker from digest-verified inputs	2026-10-01T18:32:29.3315616Z #4 ...
isolated	Build local worker from digest-verified inputs	2026-10-01T18:32:29.3315948Z 
isolated	Build local worker from digest-verified inputs	2026-10-01T18:32:29.3316149Z #5 [internal] load build context
isolated	Build local worker from digest-verified inputs	2026-10-01T18:32:29.3316703Z #5 transferring context: 50.55MB 0.2s done
isolated	Build local worker from digest-verified inputs	2026-10-01T18:32:29.3317067Z #5 DONE 0.2s
isolated	Build local worker from digest-verified inputs	2026-10-01T18:32:29.3317213Z 
isolated	Build local worker from digest-verified inputs	2026-10-01T18:32:29.3317664Z #4 [1/4] FROM cgr.dev/chainguard/python@sha256:011e73b4e30e0fe9407a42b82a920b4fa13ebc0bf029a48b714f950df254ca20
isolated	Build local worker from digest-verified inputs	2026-10-01T18:32:29.3318632Z #4 sha256:28c972c1431bbe69cb9b16c0f75b357850302e8503212392cc1e00cb26d9e9d0 2.94MB / 2.94MB 0.3s done
isolated	Build local worker from digest-verified inputs	2026-10-01T18:32:29.3319540Z #4 sha256:353fe07a386aa143c5d62d72d7b14a8381e048fa86b06155b88e8037afe16a86 3.36MB / 3.36MB 0.2s done
isolated	Build local worker from digest-verified inputs	2026-10-01T18:32:29.3320322Z #4 sha256:1a2d7475c7c0b979faefb02732f8f0aa40bd0862c41d134f81b00886aec1f01f 7.34MB / 12.91MB 0.3s
isolated	Build local worker from digest-verified inputs	2026-10-01T18:32:29.3320996Z #4 sha256:bfd77f85335618ebb37198ab5bc555b0ef04959a6761d1ecaf20a4f88d46b365 0B / 1.35MB 0.3s
isolated	Build local worker from digest-verified inputs	2026-10-01T18:32:29.3321984Z #4 sha256:7ca2df4a7d903669d373373f17e70d2950b918b27a3f621e9cda97b96586dd80 0B / 699.56kB 0.3s
isolated	Build local worker from digest-verified inputs	2026-10-01T18:32:29.4315549Z #4 sha256:1a2d7475c7c0b979faefb02732f8f0aa40bd0862c41d134f81b00886aec1f01f 12.91MB / 12.91MB 0.3s done
isolated	Build local worker from digest-verified inputs	2026-10-01T18:32:29.4316847Z #4 extracting sha256:1a2d7475c7c0b979faefb02732f8f0aa40bd0862c41d134f81b00886aec1f01f
isolated	Build local worker from digest-verified inputs	2026-10-01T18:32:29.4317913Z #4 sha256:40a26f2d1aef25be4125fca9dea99c4478794e33e5b60373d789758912a4c379 0B / 1.80MB 0.4s
isolated	Build local worker from digest-verified inputs	2026-10-01T18:32:29.5925120Z #4 sha256:bfd77f85335618ebb37198ab5bc555b0ef04959a6761d1ecaf20a4f88d46b365 1.35MB / 1.35MB 0.4s done
isolated	Build local worker from digest-verified inputs	2026-10-01T18:32:29.5926716Z #4 sha256:7ca2df4a7d903669d373373f17e70d2950b918b27a3f621e9cda97b96586dd80 699.56kB / 699.56kB 0.4s done
isolated	Build local worker from digest-verified inputs	2026-10-01T18:32:29.5928259Z #4 sha256:9de06a769f10118613abcf70953d711e0051f21705a2a390e159ec79ffd27ec8 0B / 973.80kB 0.5s
isolated	Build local worker from digest-verified inputs	2026-10-01T18:32:29.5929596Z #4 sha256:5489185ba0a4c776c43c13768b40c2c2cfdcc1ec1801ccfc4b90d8f886c47c98 0B / 632.20kB 0.5s
isolated	Build local worker from digest-verified inputs	2026-10-01T18:32:29.6931054Z #4 sha256:40a26f2d1aef25be4125fca9dea99c4478794e33e5b60373d789758912a4c379 1.80MB / 1.80MB 0.5s done
isolated	Build local worker from digest-verified inputs	2026-10-01T18:32:29.6932404Z #4 sha256:5489185ba0a4c776c43c13768b40c2c2cfdcc1ec1801ccfc4b90d8f886c47c98 632.20kB / 632.20kB 0.6s done
isolated	Build local worker from digest-verified inputs	2026-10-01T18:32:29.6933666Z #4 sha256:72f154a025dd07360e226be7997e4074d19373a0b0ae64e876f1f2bd3c51b808 0B / 378.52kB 0.6s
isolated	Build local worker from digest-verified inputs	2026-10-01T18:32:29.6934775Z #4 sha256:2eadf5f6db71e0a59307ef01338f2c4014d8e610312aa056a6816b16ce6cf49c 0B / 1.22MB 0.6s
isolated	Build local worker from digest-verified inputs	2026-10-01T18:32:29.7965643Z #4 sha256:9de06a769f10118613abcf70953d711e0051f21705a2a390e159ec79ffd27ec8 973.80kB / 973.80kB 0.6s done
isolated	Build local worker from digest-verified inputs	2026-10-01T18:32:29.7967172Z #4 sha256:72f154a025dd07360e226be7997e4074d19373a0b0ae64e876f1f2bd3c51b808 378.52kB / 378.52kB 0.7s done
isolated	Build local worker from digest-verified inputs	2026-10-01T18:32:29.7968978Z #4 sha256:95875a932152e3696fd38728803d776a03d07b4c53836fcd2378a98dcec2dcb9 0B / 62.40kB 0.7s
isolated	Build local worker from digest-verified inputs	2026-10-01T18:32:29.9312922Z #4 extracting sha256:1a2d7475c7c0b979faefb02732f8f0aa40bd0862c41d134f81b00886aec1f01f 0.4s done
isolated	Build local worker from digest-verified inputs	2026-10-01T18:32:29.9314055Z #4 sha256:2eadf5f6db71e0a59307ef01338f2c4014d8e610312aa056a6816b16ce6cf49c 1.22MB / 1.22MB 0.8s done
isolated	Build local worker from digest-verified inputs	2026-10-01T18:32:29.9315251Z #4 sha256:95875a932152e3696fd38728803d776a03d07b4c53836fcd2378a98dcec2dcb9 62.40kB / 62.40kB 0.8s done
isolated	Build local worker from digest-verified inputs	2026-10-01T18:32:29.9316150Z #4 extracting sha256:28c972c1431bbe69cb9b16c0f75b357850302e8503212392cc1e00cb26d9e9d0 0.0s done
isolated	Build local worker from digest-verified inputs	2026-10-01T18:32:32.6616909Z #4 extracting sha256:353fe07a386aa143c5d62d72d7b14a8381e048fa86b06155b88e8037afe16a86
isolated	Build local worker from digest-verified inputs	2026-10-01T18:32:32.8478993Z #4 extracting sha256:353fe07a386aa143c5d62d72d7b14a8381e048fa86b06155b88e8037afe16a86 0.0s done
isolated	Build local worker from digest-verified inputs	2026-10-01T18:32:32.8480282Z #4 extracting sha256:bfd77f85335618ebb37198ab5bc555b0ef04959a6761d1ecaf20a4f88d46b365 0.0s done
isolated	Build local worker from digest-verified inputs	2026-10-01T18:32:32.8481663Z #4 extracting sha256:7ca2df4a7d903669d373373f17e70d2950b918b27a3f621e9cda97b96586dd80 0.1s done
isolated	Build local worker from digest-verified inputs	2026-10-01T18:32:32.9507658Z #4 extracting sha256:40a26f2d1aef25be4125fca9dea99c4478794e33e5b60373d789758912a4c379 0.0s done
isolated	Build local worker from digest-verified inputs	2026-10-01T18:32:32.9508950Z #4 extracting sha256:9de06a769f10118613abcf70953d711e0051f21705a2a390e159ec79ffd27ec8 0.0s done
isolated	Build local worker from digest-verified inputs	2026-10-01T18:32:32.9511499Z #4 extracting sha256:5489185ba0a4c776c43c13768b40c2c2cfdcc1ec1801ccfc4b90d8f886c47c98 0.0s done
isolated	Build local worker from digest-verified inputs	2026-10-01T18:32:32.9512538Z #4 extracting sha256:72f154a025dd07360e226be7997e4074d19373a0b0ae64e876f1f2bd3c51b808 0.0s done
isolated	Build local worker from digest-verified inputs	2026-10-01T18:32:33.1711611Z #4 extracting sha256:2eadf5f6db71e0a59307ef01338f2c4014d8e610312aa056a6816b16ce6cf49c 0.0s done
isolated	Build local worker from digest-verified inputs	2026-10-01T18:32:33.1712993Z #4 extracting sha256:95875a932152e3696fd38728803d776a03d07b4c53836fcd2378a98dcec2dcb9 done
isolated	Build local worker from digest-verified inputs	2026-10-01T18:32:33.1713966Z #4 DONE 4.1s
isolated	Build local worker from digest-verified inputs	2026-10-01T18:32:33.3882859Z 
isolated	Build local worker from digest-verified inputs	2026-10-01T18:32:33.3883438Z #6 [2/4] COPY anvil /usr/local/bin/anvil
isolated	Build local worker from digest-verified inputs	2026-10-01T18:32:33.3883929Z #6 DONE 0.0s
isolated	Build local worker from digest-verified inputs	2026-10-01T18:32:33.3884098Z 
isolated	Build local worker from digest-verified inputs	2026-10-01T18:32:33.3884293Z #7 [3/4] COPY entrotter_engine /app/entrotter_engine
isolated	Build local worker from digest-verified inputs	2026-10-01T18:32:33.3885167Z #7 DONE 0.0s
isolated	Build local worker from digest-verified inputs	2026-10-01T18:32:33.3885432Z 
isolated	Build local worker from digest-verified inputs	2026-10-01T18:32:33.3885621Z #8 [4/4] WORKDIR /app
isolated	Build local worker from digest-verified inputs	2026-10-01T18:32:33.3886479Z #8 DONE 0.0s
isolated	Build local worker from digest-verified inputs	2026-10-01T18:32:33.3886758Z 
isolated	Build local worker from digest-verified inputs	2026-10-01T18:32:33.3886948Z #9 exporting to image
isolated	Build local worker from digest-verified inputs	2026-10-01T18:32:33.3887669Z #9 exporting layers
isolated	Build local worker from digest-verified inputs	2026-10-01T18:32:34.0087835Z #9 exporting layers 0.8s done
isolated	Build local worker from digest-verified inputs	2026-10-01T18:32:34.0279856Z #9 writing image sha256:6a82f7d4bfeff963c6268c1978459f7a20b51fd27df798ca3b64ce178b6c1a04 done
isolated	Build local worker from digest-verified inputs	2026-10-01T18:32:34.0280880Z #9 naming to docker.io/library/entrotter-worker:f6a36d9a05c741ed done
isolated	Build local worker from digest-verified inputs	2026-10-01T18:32:34.0281420Z #9 DONE 0.8s
isolated	Build local worker from digest-verified inputs	2026-10-01T18:32:34.1074468Z {"image_id": "sha256:6a82f7d4bfeff963c6268c1978459f7a20b51fd27df798ca3b64ce178b6c1a04", "manifest": "worker-image.json", "published": false}
isolated	Verify real kernel enforcement, API and lifetime cleanup	﻿2026-10-01T18:32:34.1541402Z ##[group]Run python -m unittest discover -s tests_isolated -v
isolated	Verify real kernel enforcement, API and lifetime cleanup	2026-10-01T18:32:34.1541888Z [36;1mpython -m unittest discover -s tests_isolated -v[0m
isolated	Verify real kernel enforcement, API and lifetime cleanup	2026-10-01T18:32:34.1606027Z shell: /usr/bin/bash -e {0}
isolated	Verify real kernel enforcement, API and lifetime cleanup	2026-10-01T18:32:34.1606304Z env:
isolated	Verify real kernel enforcement, API and lifetime cleanup	2026-10-01T18:32:34.1606509Z   PYTHONPATH: src
isolated	Verify real kernel enforcement, API and lifetime cleanup	2026-10-01T18:32:34.1606779Z   ENTROTTER_DOCKER_SOCKET: /var/run/docker.sock
isolated	Verify real kernel enforcement, API and lifetime cleanup	2026-10-01T18:32:34.1607195Z   pythonLocation: /opt/hostedtoolcache/Python/3.12.14/x64
isolated	Verify real kernel enforcement, API and lifetime cleanup	2026-10-01T18:32:34.1607680Z   PKG_CONFIG_PATH: /opt/hostedtoolcache/Python/3.12.14/x64/lib/pkgconfig
isolated	Verify real kernel enforcement, API and lifetime cleanup	2026-10-01T18:32:34.1608178Z   Python_ROOT_DIR: /opt/hostedtoolcache/Python/3.12.14/x64
isolated	Verify real kernel enforcement, API and lifetime cleanup	2026-10-01T18:32:34.1608608Z   Python2_ROOT_DIR: /opt/hostedtoolcache/Python/3.12.14/x64
isolated	Verify real kernel enforcement, API and lifetime cleanup	2026-10-01T18:32:34.1609038Z   Python3_ROOT_DIR: /opt/hostedtoolcache/Python/3.12.14/x64
isolated	Verify real kernel enforcement, API and lifetime cleanup	2026-10-01T18:32:34.1609480Z   LD_LIBRARY_PATH: /opt/hostedtoolcache/Python/3.12.14/x64/lib
isolated	Verify real kernel enforcement, API and lifetime cleanup	2026-10-01T18:32:34.1610069Z   ENTROTTER_WORKER_IMAGE: sha256:6a82f7d4bfeff963c6268c1978459f7a20b51fd27df798ca3b64ce178b6c1a04
isolated	Verify real kernel enforcement, API and lifetime cleanup	2026-10-01T18:32:34.1610630Z ##[endgroup]
isolated	Verify real kernel enforcement, API and lifetime cleanup	2026-10-01T18:32:35.3958624Z test_api_rejects_occupied_daemon_without_storing_report (test_admission.DaemonAdmissionTests.test_api_rejects_occupied_daemon_without_storing_report) ... ok
isolated	Verify real kernel enforcement, API and lifetime cleanup	2026-10-01T18:32:36.0459991Z test_cli_rejects_occupied_daemon_without_replacing_export (test_admission.DaemonAdmissionTests.test_cli_rejects_occupied_daemon_without_replacing_export) ... ok
isolated	Verify real kernel enforcement, API and lifetime cleanup	2026-10-01T18:32:38.5020775Z test_host_timeout_releases_owned_slot_for_next_run (test_admission.DaemonAdmissionTests.test_host_timeout_releases_owned_slot_for_next_run) ... ok
isolated	Verify real kernel enforcement, API and lifetime cleanup	2026-10-01T18:32:44.3642096Z test_two_processes_race_after_both_observe_empty_slot (test_admission.DaemonAdmissionTests.test_two_processes_race_after_both_observe_empty_slot) ... ok
isolated	Verify real kernel enforcement, API and lifetime cleanup	2026-10-01T18:32:44.7697561Z test_unstarted_container_keeps_slot_until_explicit_owned_removal (test_admission.DaemonAdmissionTests.test_unstarted_container_keeps_slot_until_explicit_owned_removal) ... ok
isolated	Verify real kernel enforcement, API and lifetime cleanup	2026-10-01T18:32:46.4623028Z test_diverged_recording_and_gas_budget_fail_then_next_run_succeeds (test_agent.BoundedAgentTests.test_diverged_recording_and_gas_budget_fail_then_next_run_succeeds) ... ok
isolated	Verify real kernel enforcement, API and lifetime cleanup	2026-10-01T18:32:47.0320571Z test_frozen_model_recording_replays_without_provider_or_network (test_agent.BoundedAgentTests.test_frozen_model_recording_replays_without_provider_or_network) ... ok
isolated	Verify real kernel enforcement, API and lifetime cleanup	2026-10-01T18:32:47.6167203Z test_recording_larger_than_scenario_budget_stays_valid (test_agent.BoundedAgentTests.test_recording_larger_than_scenario_budget_stays_valid) ... ok
isolated	Verify real kernel enforcement, API and lifetime cleanup	2026-10-01T18:32:49.0241253Z test_risk_matches_native_and_replays_complete_artifact (test_agent.BoundedAgentTests.test_risk_matches_native_and_replays_complete_artifact) ... ok
isolated	Verify real kernel enforcement, API and lifetime cleanup	2026-10-01T18:32:49.6045206Z test_risk_respects_tight_requested_gas_budget (test_agent.BoundedAgentTests.test_risk_respects_tight_requested_gas_budget) ... ok
isolated	Verify real kernel enforcement, API and lifetime cleanup	2026-10-01T18:32:59.1631828Z test_real_multistep_build_has_one_bounded_diagnostic_stream (test_build_output.BuildOutputTests.test_real_multistep_build_has_one_bounded_diagnostic_stream) ... ok
isolated	Verify real kernel enforcement, API and lifetime cleanup	2026-10-01T18:32:59.8271770Z test_actual_image_protocol_replays_signed_oracle_update_and_adverse_omission (test_trace.BoundedCanonicalReplay.test_actual_image_protocol_replays_signed_oracle_update_and_adverse_omission) ... ok
isolated	Verify real kernel enforcement, API and lifetime cleanup	2026-10-01T18:33:00.4881077Z test_actual_image_protocol_retains_same_block_funding_and_unmined_omission (test_trace.BoundedCanonicalReplay.test_actual_image_protocol_retains_same_block_funding_and_unmined_omission) ... ok
isolated	Verify real kernel enforcement, API and lifetime cleanup	2026-10-01T18:33:01.1226969Z test_actual_worker_reconstructs_original_receipts_and_nonce_conflicts (test_trace.BoundedCanonicalReplay.test_actual_worker_reconstructs_original_receipts_and_nonce_conflicts) ... ok
isolated	Verify real kernel enforcement, API and lifetime cleanup	2026-10-01T18:33:03.1246818Z test_cli_and_api_roundtrip (test_worker.IsolatedAPITests.test_cli_and_api_roundtrip) ... ok
isolated	Verify real kernel enforcement, API and lifetime cleanup	2026-10-01T18:33:05.3930428Z test_cpu_quota_throttles_parallel_work (test_worker.IsolatedWorkerTests.test_cpu_quota_throttles_parallel_work) ... ok
isolated	Verify real kernel enforcement, API and lifetime cleanup	2026-10-01T18:33:05.5671908Z test_kernel_controls_mounts_and_privileges (test_worker.IsolatedWorkerTests.test_kernel_controls_mounts_and_privileges) ... ok
isolated	Verify real kernel enforcement, API and lifetime cleanup	2026-10-01T18:33:05.7513434Z test_memory_limit_actually_oom_kills_overallocation (test_worker.IsolatedWorkerTests.test_memory_limit_actually_oom_kills_overallocation) ... ok
isolated	Verify real kernel enforcement, API and lifetime cleanup	2026-10-01T18:33:05.9277337Z test_pid_limit_actually_rejects_more_processes (test_worker.IsolatedWorkerTests.test_pid_limit_actually_rejects_more_processes) ... ok
isolated	Verify real kernel enforcement, API and lifetime cleanup	2026-10-01T18:33:07.0553479Z test_real_fixture_and_anvil_results_match_native (test_worker.IsolatedWorkerTests.test_real_fixture_and_anvil_results_match_native) ... ok
isolated	Verify real kernel enforcement, API and lifetime cleanup	2026-10-01T18:33:07.2295309Z test_runtime_has_python_and_anvil_without_shell_or_package_commands (test_worker.IsolatedWorkerTests.test_runtime_has_python_and_anvil_without_shell_or_package_commands) ... ok
isolated	Verify real kernel enforcement, API and lifetime cleanup	2026-10-01T18:33:07.4550172Z test_tmpfs_space_and_noexec_are_enforced (test_worker.IsolatedWorkerTests.test_tmpfs_space_and_noexec_are_enforced) ... ok
isolated	Verify real kernel enforcement, API and lifetime cleanup	2026-10-01T18:36:07.8515947Z Independent idle deadline observed after 180.396 seconds
isolated	Verify real kernel enforcement, API and lifetime cleanup	2026-10-01T18:36:08.1699018Z test_detached_idle_worker_expires_without_host_cooperation (test_worker.WorkerLifetimeTests.test_detached_idle_worker_expires_without_host_cooperation) ... ok
isolated	Verify real kernel enforcement, API and lifetime cleanup	2026-10-01T18:36:09.3546042Z test_lost_client_is_bounded_by_independent_worker_timer (test_worker.WorkerLifetimeTests.test_lost_client_is_bounded_by_independent_worker_timer) ... ok
isolated	Verify real kernel enforcement, API and lifetime cleanup	2026-10-01T18:36:10.5710315Z test_sigterm_ends_idle_worker_and_removes_container (test_worker.WorkerLifetimeTests.test_sigterm_ends_idle_worker_and_removes_container) ... ok
isolated	Verify real kernel enforcement, API and lifetime cleanup	2026-10-01T18:36:10.5711404Z 
isolated	Verify real kernel enforcement, API and lifetime cleanup	2026-10-01T18:36:10.5711659Z ----------------------------------------------------------------------
isolated	Verify real kernel enforcement, API and lifetime cleanup	2026-10-01T18:36:10.5712230Z Ran 25 tests in 216.086s
isolated	Verify real kernel enforcement, API and lifetime cleanup	2026-10-01T18:36:10.5712448Z 
isolated	Verify real kernel enforcement, API and lifetime cleanup	2026-10-01T18:36:10.5712565Z OK
isolated	Replay pinned mainnet transaction through the default bounded worker	﻿2026-10-01T18:36:10.6019725Z ##[group]Run python -m entrotter_engine trace-run tests/data/canonical-mainnet-prefix.json -o .quality/trace-replay/mainnet-prefix.json
isolated	Replay pinned mainnet transaction through the default bounded worker	2026-10-01T18:36:10.6020751Z [36;1mpython -m entrotter_engine trace-run tests/data/canonical-mainnet-prefix.json -o .quality/trace-replay/mainnet-prefix.json[0m
isolated	Replay pinned mainnet transaction through the default bounded worker	2026-10-01T18:36:10.6021544Z [36;1mpython - <<'PY'[0m
isolated	Replay pinned mainnet transaction through the default bounded worker	2026-10-01T18:36:10.6021776Z [36;1mimport json[0m
isolated	Replay pinned mainnet transaction through the default bounded worker	2026-10-01T18:36:10.6022003Z [36;1mfrom pathlib import Path[0m
isolated	Replay pinned mainnet transaction through the default bounded worker	2026-10-01T18:36:10.6022310Z [36;1mfrom entrotter_engine.trace import verify_trace[0m
isolated	Replay pinned mainnet transaction through the default bounded worker	2026-10-01T18:36:10.6022791Z [36;1mreport = json.loads(Path('.quality/trace-replay/mainnet-prefix.json').read_text())[0m
isolated	Replay pinned mainnet transaction through the default bounded worker	2026-10-01T18:36:10.6023321Z [36;1mif not verify_trace(report) or not report['baseline_verified']:[0m
isolated	Replay pinned mainnet transaction through the default bounded worker	2026-10-01T18:36:10.6023903Z [36;1m    raise RuntimeError('Pinned mainnet receipt replay did not verify; no fixture substitution')[0m
isolated	Replay pinned mainnet transaction through the default bounded worker	2026-10-01T18:36:10.6024447Z [36;1mreceipt = report['baseline']['outcomes'][0]['receipt'][0m
isolated	Replay pinned mainnet transaction through the default bounded worker	2026-10-01T18:36:10.6024900Z [36;1mif receipt['gasUsed'] != '0x32d10' or len(receipt['logs']) != 8:[0m
isolated	Replay pinned mainnet transaction through the default bounded worker	2026-10-01T18:36:10.6025710Z [36;1m    raise RuntimeError('Pinned transaction execution differs from original receipt')[0m
isolated	Replay pinned mainnet transaction through the default bounded worker	2026-10-01T18:36:10.6026477Z [36;1mprint(json.dumps({'artifact_id': report['artifact_id'], 'runtime_seconds': report['runtime_seconds'], 'gas_used': 208144, 'log_count': 8}))[0m
isolated	Replay pinned mainnet transaction through the default bounded worker	2026-10-01T18:36:10.6027050Z [36;1mPY[0m
isolated	Replay pinned mainnet transaction through the default bounded worker	2026-10-01T18:36:10.6090612Z shell: /usr/bin/bash -e {0}
isolated	Replay pinned mainnet transaction through the default bounded worker	2026-10-01T18:36:10.6090886Z env:
isolated	Replay pinned mainnet transaction through the default bounded worker	2026-10-01T18:36:10.6091098Z   PYTHONPATH: src
isolated	Replay pinned mainnet transaction through the default bounded worker	2026-10-01T18:36:10.6091367Z   ENTROTTER_DOCKER_SOCKET: /var/run/docker.sock
isolated	Replay pinned mainnet transaction through the default bounded worker	2026-10-01T18:36:10.6091775Z   pythonLocation: /opt/hostedtoolcache/Python/3.12.14/x64
isolated	Replay pinned mainnet transaction through the default bounded worker	2026-10-01T18:36:10.6092275Z   PKG_CONFIG_PATH: /opt/hostedtoolcache/Python/3.12.14/x64/lib/pkgconfig
isolated	Replay pinned mainnet transaction through the default bounded worker	2026-10-01T18:36:10.6092760Z   Python_ROOT_DIR: /opt/hostedtoolcache/Python/3.12.14/x64
isolated	Replay pinned mainnet transaction through the default bounded worker	2026-10-01T18:36:10.6093180Z   Python2_ROOT_DIR: /opt/hostedtoolcache/Python/3.12.14/x64
isolated	Replay pinned mainnet transaction through the default bounded worker	2026-10-01T18:36:10.6093607Z   Python3_ROOT_DIR: /opt/hostedtoolcache/Python/3.12.14/x64
isolated	Replay pinned mainnet transaction through the default bounded worker	2026-10-01T18:36:10.6094039Z   LD_LIBRARY_PATH: /opt/hostedtoolcache/Python/3.12.14/x64/lib
isolated	Replay pinned mainnet transaction through the default bounded worker	2026-10-01T18:36:10.6094626Z   ENTROTTER_WORKER_IMAGE: sha256:6a82f7d4bfeff963c6268c1978459f7a20b51fd27df798ca3b64ce178b6c1a04
isolated	Replay pinned mainnet transaction through the default bounded worker	2026-10-01T18:36:10.6095474Z   ENTROTTER_RPC_URL: https://eth.drpc.org
isolated	Replay pinned mainnet transaction through the default bounded worker	2026-10-01T18:36:10.6095787Z ##[endgroup]
isolated	Replay pinned mainnet transaction through the default bounded worker	2026-10-01T18:36:13.4481858Z Error: Isolated worker failed or exceeded its resource budget; no fallback
isolated	Replay pinned mainnet transaction through the default bounded worker	2026-10-01T18:36:13.4617027Z ##[error]Process completed with exit code 1.
isolated	Verify no test workers remain	﻿2026-10-01T18:36:13.4670577Z ##[group]Run workers=$(docker ps --all --filter label=org.entrotter.worker=true --format '{{.ID}}')
isolated	Verify no test workers remain	2026-10-01T18:36:13.4671300Z [36;1mworkers=$(docker ps --all --filter label=org.entrotter.worker=true --format '{{.ID}}')[0m
isolated	Verify no test workers remain	2026-10-01T18:36:13.4671762Z [36;1mtest -z "$workers"[0m
isolated	Verify no test workers remain	2026-10-01T18:36:13.4734662Z shell: /usr/bin/bash -e {0}
isolated	Verify no test workers remain	2026-10-01T18:36:13.4735223Z env:
isolated	Verify no test workers remain	2026-10-01T18:36:13.4735421Z   PYTHONPATH: src
isolated	Verify no test workers remain	2026-10-01T18:36:13.4735672Z   ENTROTTER_DOCKER_SOCKET: /var/run/docker.sock
isolated	Verify no test workers remain	2026-10-01T18:36:13.4736046Z   pythonLocation: /opt/hostedtoolcache/Python/3.12.14/x64
isolated	Verify no test workers remain	2026-10-01T18:36:13.4736498Z   PKG_CONFIG_PATH: /opt/hostedtoolcache/Python/3.12.14/x64/lib/pkgconfig
isolated	Verify no test workers remain	2026-10-01T18:36:13.4736958Z   Python_ROOT_DIR: /opt/hostedtoolcache/Python/3.12.14/x64
isolated	Verify no test workers remain	2026-10-01T18:36:13.4737335Z   Python2_ROOT_DIR: /opt/hostedtoolcache/Python/3.12.14/x64
isolated	Verify no test workers remain	2026-10-01T18:36:13.4737713Z   Python3_ROOT_DIR: /opt/hostedtoolcache/Python/3.12.14/x64
isolated	Verify no test workers remain	2026-10-01T18:36:13.4738092Z   LD_LIBRARY_PATH: /opt/hostedtoolcache/Python/3.12.14/x64/lib
isolated	Verify no test workers remain	2026-10-01T18:36:13.4738637Z   ENTROTTER_WORKER_IMAGE: sha256:6a82f7d4bfeff963c6268c1978459f7a20b51fd27df798ca3b64ce178b6c1a04
isolated	Verify no test workers remain	2026-10-01T18:36:13.4739099Z ##[endgroup]
isolated	Run actions/upload-artifact@ea165f8d65b6e75b540449e92b4886f43607fa02	﻿2026-10-01T18:36:13.5008372Z ##[group]Run actions/upload-artifact@ea165f8d65b6e75b540449e92b4886f43607fa02
isolated	Run actions/upload-artifact@ea165f8d65b6e75b540449e92b4886f43607fa02	2026-10-01T18:36:13.5008802Z with:
isolated	Run actions/upload-artifact@ea165f8d65b6e75b540449e92b4886f43607fa02	2026-10-01T18:36:13.5009004Z   name: worker-image-security
isolated	Run actions/upload-artifact@ea165f8d65b6e75b540449e92b4886f43607fa02	2026-10-01T18:36:13.5009577Z   path: .quality/image-security/
isolated	Run actions/upload-artifact@ea165f8d65b6e75b540449e92b4886f43607fa02	.quality/native-security/
isolated	Run actions/upload-artifact@ea165f8d65b6e75b540449e92b4886f43607fa02	.quality/build-output-docker.json
isolated	Run actions/upload-artifact@ea165f8d65b6e75b540449e92b4886f43607fa02	.quality/trace-replay/
isolated	Run actions/upload-artifact@ea165f8d65b6e75b540449e92b4886f43607fa02	worker-image.json
isolated	Run actions/upload-artifact@ea165f8d65b6e75b540449e92b4886f43607fa02	
isolated	Run actions/upload-artifact@ea165f8d65b6e75b540449e92b4886f43607fa02	2026-10-01T18:36:13.5010188Z   include-hidden-files: true
isolated	Run actions/upload-artifact@ea165f8d65b6e75b540449e92b4886f43607fa02	2026-10-01T18:36:13.5010622Z   if-no-files-found: error
isolated	Run actions/upload-artifact@ea165f8d65b6e75b540449e92b4886f43607fa02	2026-10-01T18:36:13.5010857Z   compression-level: 6
isolated	Run actions/upload-artifact@ea165f8d65b6e75b540449e92b4886f43607fa02	2026-10-01T18:36:13.5011062Z   overwrite: false
isolated	Run actions/upload-artifact@ea165f8d65b6e75b540449e92b4886f43607fa02	2026-10-01T18:36:13.5011251Z env:
isolated	Run actions/upload-artifact@ea165f8d65b6e75b540449e92b4886f43607fa02	2026-10-01T18:36:13.5011425Z   PYTHONPATH: src
isolated	Run actions/upload-artifact@ea165f8d65b6e75b540449e92b4886f43607fa02	2026-10-01T18:36:13.5011668Z   ENTROTTER_DOCKER_SOCKET: /var/run/docker.sock
isolated	Run actions/upload-artifact@ea165f8d65b6e75b540449e92b4886f43607fa02	2026-10-01T18:36:13.5012026Z   pythonLocation: /opt/hostedtoolcache/Python/3.12.14/x64
isolated	Run actions/upload-artifact@ea165f8d65b6e75b540449e92b4886f43607fa02	2026-10-01T18:36:13.5012438Z   PKG_CONFIG_PATH: /opt/hostedtoolcache/Python/3.12.14/x64/lib/pkgconfig
isolated	Run actions/upload-artifact@ea165f8d65b6e75b540449e92b4886f43607fa02	2026-10-01T18:36:13.5012848Z   Python_ROOT_DIR: /opt/hostedtoolcache/Python/3.12.14/x64
isolated	Run actions/upload-artifact@ea165f8d65b6e75b540449e92b4886f43607fa02	2026-10-01T18:36:13.5013215Z   Python2_ROOT_DIR: /opt/hostedtoolcache/Python/3.12.14/x64
isolated	Run actions/upload-artifact@ea165f8d65b6e75b540449e92b4886f43607fa02	2026-10-01T18:36:13.5013616Z   Python3_ROOT_DIR: /opt/hostedtoolcache/Python/3.12.14/x64
isolated	Run actions/upload-artifact@ea165f8d65b6e75b540449e92b4886f43607fa02	2026-10-01T18:36:13.5013991Z   LD_LIBRARY_PATH: /opt/hostedtoolcache/Python/3.12.14/x64/lib
isolated	Run actions/upload-artifact@ea165f8d65b6e75b540449e92b4886f43607fa02	2026-10-01T18:36:13.5014497Z   ENTROTTER_WORKER_IMAGE: sha256:6a82f7d4bfeff963c6268c1978459f7a20b51fd27df798ca3b64ce178b6c1a04
isolated	Run actions/upload-artifact@ea165f8d65b6e75b540449e92b4886f43607fa02	2026-10-01T18:36:13.5015356Z ##[endgroup]
isolated	Run actions/upload-artifact@ea165f8d65b6e75b540449e92b4886f43607fa02	2026-10-01T18:36:13.6678681Z (node:8838) [DEP0040] DeprecationWarning: The `punycode` module is deprecated. Please use a userland alternative instead.
isolated	Run actions/upload-artifact@ea165f8d65b6e75b540449e92b4886f43607fa02	2026-10-01T18:36:13.6679964Z (Use `node --trace-deprecation ...` to show where the warning was created)
isolated	Run actions/upload-artifact@ea165f8d65b6e75b540449e92b4886f43607fa02	2026-10-01T18:36:13.6743535Z Multiple search paths detected. Calculating the least common ancestor of all paths
isolated	Run actions/upload-artifact@ea165f8d65b6e75b540449e92b4886f43607fa02	2026-10-01T18:36:13.6747447Z The least common ancestor is /home/runner/work/engine/engine. This will be the root directory of the artifact
isolated	Run actions/upload-artifact@ea165f8d65b6e75b540449e92b4886f43607fa02	2026-10-01T18:36:13.6748636Z With the provided path, there will be 2 files uploaded
isolated	Run actions/upload-artifact@ea165f8d65b6e75b540449e92b4886f43607fa02	2026-10-01T18:36:13.6755467Z Artifact name is valid!
isolated	Run actions/upload-artifact@ea165f8d65b6e75b540449e92b4886f43607fa02	2026-10-01T18:36:13.6755926Z Root directory input is valid!
isolated	Run actions/upload-artifact@ea165f8d65b6e75b540449e92b4886f43607fa02	2026-10-01T18:36:14.0784180Z Beginning upload of artifact content to blob storage
isolated	Run actions/upload-artifact@ea165f8d65b6e75b540449e92b4886f43607fa02	2026-10-01T18:36:14.0999044Z (node:8838) [DEP0169] DeprecationWarning: `url.parse()` behavior is not standardized and prone to errors that have security implications. Use the WHATWG URL API instead. CVEs are not issued for `url.parse()` vulnerabilities.
isolated	Run actions/upload-artifact@ea165f8d65b6e75b540449e92b4886f43607fa02	2026-10-01T18:36:14.3965529Z Uploaded bytes 1689
isolated	Run actions/upload-artifact@ea165f8d65b6e75b540449e92b4886f43607fa02	2026-10-01T18:36:14.4737053Z Finished uploading artifact content to blob storage!
isolated	Run actions/upload-artifact@ea165f8d65b6e75b540449e92b4886f43607fa02	2026-10-01T18:36:14.4739179Z SHA256 digest of uploaded artifact zip is e08108d90d5ef7124f637e09088ea3086cf66c8c78d0d545d42d00e825d55ad3
isolated	Run actions/upload-artifact@ea165f8d65b6e75b540449e92b4886f43607fa02	2026-10-01T18:36:14.4741177Z Finalizing artifact upload
isolated	Run actions/upload-artifact@ea165f8d65b6e75b540449e92b4886f43607fa02	2026-10-01T18:36:14.7906139Z Artifact worker-image-security.zip successfully finalized. Artifact ID 11184683241
isolated	Run actions/upload-artifact@ea165f8d65b6e75b540449e92b4886f43607fa02	2026-10-01T18:36:14.7907527Z Artifact worker-image-security has been successfully uploaded! Final size is 1689 bytes. Artifact ID is 11184683241
isolated	Run actions/upload-artifact@ea165f8d65b6e75b540449e92b4886f43607fa02	2026-10-01T18:36:14.7908904Z Artifact download URL: https://github.com/entrotter/engine/actions/runs/36907558519/artifacts/11184683241
isolated	Post Run actions/checkout@11d5960a326750d5838078e36cf38b85af677262	﻿2026-10-01T18:36:14.8110444Z Post job cleanup.
isolated	Post Run actions/checkout@11d5960a326750d5838078e36cf38b85af677262	2026-10-01T18:36:14.8951794Z [command]/usr/bin/git version
isolated	Post Run actions/checkout@11d5960a326750d5838078e36cf38b85af677262	2026-10-01T18:36:14.8997556Z git version 2.55.0
isolated	Post Run actions/checkout@11d5960a326750d5838078e36cf38b85af677262	2026-10-01T18:36:14.9041688Z Temporarily overriding HOME='/home/runner/work/_temp/aba699ba-9b3a-4d7f-870c-d6c100d71e3e' before making global git config changes
isolated	Post Run actions/checkout@11d5960a326750d5838078e36cf38b85af677262	2026-10-01T18:36:14.9043471Z Adding repository directory to the temporary git global config as a safe directory
isolated	Post Run actions/checkout@11d5960a326750d5838078e36cf38b85af677262	2026-10-01T18:36:14.9047860Z [command]/usr/bin/git config --global --add safe.directory /home/runner/work/engine/engine
isolated	Post Run actions/checkout@11d5960a326750d5838078e36cf38b85af677262	2026-10-01T18:36:14.9087720Z [command]/usr/bin/git config --local --name-only --get-regexp core\.sshCommand
isolated	Post Run actions/checkout@11d5960a326750d5838078e36cf38b85af677262	2026-10-01T18:36:14.9122506Z [command]/usr/bin/git submodule foreach --recursive sh -c "git config --local --name-only --get-regexp 'core\.sshCommand' && git config --local --unset-all 'core.sshCommand' || :"
isolated	Post Run actions/checkout@11d5960a326750d5838078e36cf38b85af677262	2026-10-01T18:36:14.9394367Z [command]/usr/bin/git config --local --name-only --get-regexp http\.https\:\/\/github\.com\/\.extraheader
isolated	Post Run actions/checkout@11d5960a326750d5838078e36cf38b85af677262	2026-10-01T18:36:14.9423567Z http.https://github.com/.extraheader
isolated	Post Run actions/checkout@11d5960a326750d5838078e36cf38b85af677262	2026-10-01T18:36:14.9436266Z [command]/usr/bin/git config --local --unset-all http.https://github.com/.extraheader
isolated	Post Run actions/checkout@11d5960a326750d5838078e36cf38b85af677262	2026-10-01T18:36:14.9471830Z [command]/usr/bin/git submodule foreach --recursive sh -c "git config --local --name-only --get-regexp 'http\.https\:\/\/github\.com\/\.extraheader' && git config --local --unset-all 'http.https://github.com/.extraheader' || :"
isolated	Post Run actions/checkout@11d5960a326750d5838078e36cf38b85af677262	2026-10-01T18:36:14.9730985Z [command]/usr/bin/git config --local --name-only --get-regexp ^includeIf\.gitdir:
isolated	Post Run actions/checkout@11d5960a326750d5838078e36cf38b85af677262	2026-10-01T18:36:14.9780823Z [command]/usr/bin/git submodule foreach --recursive git config --local --show-origin --name-only --get-regexp remote.origin.url
isolated	Complete job	﻿2026-10-01T18:36:15.0202702Z Cleaning up orphan processes
isolated	Complete job	2026-10-01T18:36:15.0580007Z ##[warning]Node.js 20 is deprecated. The following actions target Node.js 20 but are being forced to run on Node.js 24: actions/checkout@11d5960a326750d5838078e36cf38b85af677262, actions/setup-python@a26af69be951a213d495a4c3e4e4022e16d87065, actions/upload-artifact@ea165f8d65b6e75b540449e92b4886f43607fa02. For more information see: https://github.blog/changelog/2025-09-19-deprecation-of-node-20-on-github-actions-runners/
