test_distinct_pinned_reads_enter_real_provider_concurrently (test_parent_cache.ParentCacheTests.test_distinct_pinned_reads_enter_real_provider_concurrently) ... FAIL
test_same_key_waiter_admitted_during_read_and_coalesces_raw_result (test_parent_cache.ParentCacheTests.test_same_key_waiter_admitted_during_read_and_coalesces_raw_result) ... FAIL

======================================================================
FAIL: test_distinct_pinned_reads_enter_real_provider_concurrently (test_parent_cache.ParentCacheTests.test_distinct_pinned_reads_enter_real_provider_concurrently)
----------------------------------------------------------------------
Traceback (most recent call last):
  File "/workspace/repository/tests/test_parent_cache.py", line 183, in test_distinct_pinned_reads_enter_real_provider_concurrently
    self.assertTrue(concurrent, 'A different pinned key was blocked by another upstream read')
    ~~~~~~~~~~~~~~~^^^^^^^^^^^^^^^^^^^^^^^^^^^^^^^^^^^^^^^^^^^^^^^^^^^^^^^^^^^^^^^^^^^^^^^^^^^
AssertionError: False is not true : A different pinned key was blocked by another upstream read

======================================================================
FAIL: test_same_key_waiter_admitted_during_read_and_coalesces_raw_result (test_parent_cache.ParentCacheTests.test_same_key_waiter_admitted_during_read_and_coalesces_raw_result)
----------------------------------------------------------------------
Traceback (most recent call last):
  File "/workspace/repository/tests/test_parent_cache.py", line 201, in test_same_key_waiter_admitted_during_read_and_coalesces_raw_result
    self.assertTrue(admitted, 'The waiter could not be admitted while remote I/O held the global lock')
    ~~~~~~~~~~~~~~~^^^^^^^^^^^^^^^^^^^^^^^^^^^^^^^^^^^^^^^^^^^^^^^^^^^^^^^^^^^^^^^^^^^^^^^^^^^^^^^^^^^^
AssertionError: False is not true : The waiter could not be admitted while remote I/O held the global lock

----------------------------------------------------------------------
Ran 2 tests in 4.553s

FAILED (failures=2)
