test_hash_and_family_separation (test_observed.ObservedReaderTests.test_hash_and_family_separation) ... ok
test_hash_resealed_contradictions_are_rejected (test_observed.ObservedReaderTests.test_hash_resealed_contradictions_are_rejected) ... ok
test_in_memory_cycle_nan_and_wrong_scalar_are_safe_errors (test_observed.ObservedReaderTests.test_in_memory_cycle_nan_and_wrong_scalar_are_safe_errors) ... ok
test_incomplete_and_adverse_records_remain_readable_without_false_delta (test_observed.ObservedReaderTests.test_incomplete_and_adverse_records_remain_readable_without_false_delta) ... ok
test_large_integer_cross_engine_golden_is_exact (test_observed.ObservedReaderTests.test_large_integer_cross_engine_golden_is_exact) ... ok
test_read_supported_price_report_without_engine_or_http (test_observed.ObservedReaderTests.test_read_supported_price_report_without_engine_or_http) ... ok
test_regular_file_duplicate_key_malformed_and_size_bound (test_observed.ObservedReaderTests.test_regular_file_duplicate_key_malformed_and_size_bound) ... ok
test_rpc_diagnostics_are_finite_and_query_bound (test_observed.ObservedReaderTests.test_rpc_diagnostics_are_finite_and_query_bound) ... ok
test_snapshot_and_every_nested_typed_record_are_immutable (test_observed.ObservedReaderTests.test_snapshot_and_every_nested_typed_record_are_immutable) ... ok
test_bound_duplicate_invalid_json_and_nonblocking_special_file (test_position.PositionReaderTests.test_bound_duplicate_invalid_json_and_nonblocking_special_file) ... ok
test_configuration_initial_values_and_code_changes_prevent_economic_delta (test_position.PositionReaderTests.test_configuration_initial_values_and_code_changes_prevent_economic_delta) ... ok
test_diagnostic_coverage_bound_and_private_message_rejected (test_position.PositionReaderTests.test_diagnostic_coverage_bound_and_private_message_rejected) ... ok
test_exact_abi_word_width_padding_threshold_and_zero_debt_sentinel (test_position.PositionReaderTests.test_exact_abi_word_width_padding_threshold_and_zero_debt_sentinel) ... ok
test_large_uints_and_liquidation_boundary_remain_exact (test_position.PositionReaderTests.test_large_uints_and_liquidation_boundary_remain_exact) ... ok
test_missing_read_is_valid_unproven_and_keeps_finite_error (test_position.PositionReaderTests.test_missing_read_is_valid_unproven_and_keeps_finite_error) ... ok
test_nested_mutation_and_typed_values_cannot_change_validated_snapshot (test_position.PositionReaderTests.test_nested_mutation_and_typed_values_cannot_change_validated_snapshot) ... ok
test_no_debt_raw_max_has_no_normalized_health_difference (test_position.PositionReaderTests.test_no_debt_raw_max_has_no_normalized_health_difference) ... ok
test_original_13_receipts_exact_integer_values_and_all_four_views (test_position.PositionReaderTests.test_original_13_receipts_exact_integer_values_and_all_four_views) ... ok
test_resealed_binding_profile_plan_head_and_classification_mismatches (test_position.PositionReaderTests.test_resealed_binding_profile_plan_head_and_classification_mismatches) ... ok
test_dependency_declarations_cannot_escape_audited_lock (test_quality_gates.QualityPolicyTests.test_dependency_declarations_cannot_escape_audited_lock) ... ok
test_no_empty_partial_skipped_or_unreviewed_security_success (test_quality_gates.QualityPolicyTests.test_no_empty_partial_skipped_or_unreviewed_security_success) ... ok
test_body_limit (test_sdk.SDKTests.test_body_limit) ... ok
test_embedded_credentials (test_sdk.SDKTests.test_embedded_credentials) ... ok
test_get_must_match_id (test_sdk.SDKTests.test_get_must_match_id) ... ok
test_hashed_unhashable_mode_is_a_client_error (test_sdk.SDKTests.test_hashed_unhashable_mode_is_a_client_error) ... ok
test_https_url (test_sdk.SDKTests.test_https_url) ... ok
test_id_validation (test_sdk.SDKTests.test_id_validation) ... ok
test_parse (test_sdk.SDKTests.test_parse) ... ok
test_parse_rejects (test_sdk.SDKTests.test_parse_rejects) ... ok
test_path_rejected (test_sdk.SDKTests.test_path_rejected) ... ok
test_plaintext_remote_rejected (test_sdk.SDKTests.test_plaintext_remote_rejected) ... ok
test_query_rejected (test_sdk.SDKTests.test_query_rejected) ... ok
test_run_dispatch (test_sdk.SDKTests.test_run_dispatch) ... ok
test_tamper (test_sdk.SDKTests.test_tamper) ... ok
test_unknown_version (test_sdk.SDKTests.test_unknown_version) ... ok
test_valid_hash (test_sdk.SDKTests.test_valid_hash) ... ok
test_zero_timeout (test_sdk.SDKTests.test_zero_timeout) ... ok
test_actual_four_prefix_typed_rows_preserve_adverse_outcomes (test_trace.TraceReaderTests.test_actual_four_prefix_typed_rows_preserve_adverse_outcomes) ... ok
test_all_omissions_preserve_typed_absence (test_trace.TraceReaderTests.test_all_omissions_preserve_typed_absence) ... ok
test_bounds_status_types_and_duplicate_fields (test_trace.TraceReaderTests.test_bounds_status_types_and_duplicate_fields) ... ok
test_caller_report_and_typed_rows_cannot_mutate_snapshot (test_trace.TraceReaderTests.test_caller_report_and_typed_rows_cannot_mutate_snapshot) ... ok
test_exact_shapes_source_pins_and_prefix_order (test_trace.TraceReaderTests.test_exact_shapes_source_pins_and_prefix_order) ... ok
test_hash_tamper_versions_and_nonfinite_numbers (test_trace.TraceReaderTests.test_hash_tamper_versions_and_nonfinite_numbers) ... ok
test_not_mined_queued_input_advances_only_its_own_branch_nonce (test_trace.TraceReaderTests.test_not_mined_queued_input_advances_only_its_own_branch_nonce) ... ok
test_original_one_prefix_and_separate_v01_contract (test_trace.TraceReaderTests.test_original_one_prefix_and_separate_v01_contract) ... ok
test_original_signed_legacy_access_list_and_dynamic_fee_metadata (test_trace.TraceReaderTests.test_original_signed_legacy_access_list_and_dynamic_fee_metadata) ... ok
test_regular_file_import_duplicate_keys_bad_json_and_size (test_trace.TraceReaderTests.test_regular_file_import_duplicate_keys_bad_json_and_size) ... ok
test_reordered_object_keys_keep_same_hash_and_differences (test_trace.TraceReaderTests.test_reordered_object_keys_keep_same_hash_and_differences) ... ok
test_resealed_difference_fields_and_match_flags (test_trace.TraceReaderTests.test_resealed_difference_fields_and_match_flags) ... ok
test_resealed_impossible_gas_revert_and_contract_receipts (test_trace.TraceReaderTests.test_resealed_impossible_gas_revert_and_contract_receipts) ... ok
test_resealed_receipt_identities_types_targets_and_logs (test_trace.TraceReaderTests.test_resealed_receipt_identities_types_targets_and_logs) ... ok
test_rlp_noncanonical_and_unsupported_shapes (test_trace.TraceReaderTests.test_rlp_noncanonical_and_unsupported_shapes) ... ok
test_skip_and_same_parent_nonce_cannot_be_concealed (test_trace.TraceReaderTests.test_skip_and_same_parent_nonce_cannot_be_concealed) ... ok
test_supported_unprotected_legacy_and_total_access_keys (test_trace.TraceReaderTests.test_supported_unprotected_legacy_and_total_access_keys) ... ok
test_unmatched_rejected_baseline_is_readable_without_false_verification (test_trace.TraceReaderTests.test_unmatched_rejected_baseline_is_readable_without_false_verification) ... ok

----------------------------------------------------------------------
Ran 55 tests in 5.399s

OK
