setUpClass (test_trace.CanonicalLocalIntegration) ... ERROR
test_failed_mine_restores_timeout_and_exits_owned_context (test_trace.TraceMineDeadlineTests.test_failed_mine_restores_timeout_and_exits_owned_context) ... ok
test_mine_never_gets_a_fresh_budget_when_deadline_is_near (test_trace.TraceMineDeadlineTests.test_mine_never_gets_a_fresh_budget_when_deadline_is_near) ... ok
test_slow_mine_uses_remaining_primitive_budget_then_restores_reads (test_trace.TraceMineDeadlineTests.test_slow_mine_uses_remaining_primitive_budget_then_restores_reads) ... ok
test_access_list_order_and_bounds (test_trace.TraceValidationTests.test_access_list_order_and_bounds) ... ok
test_caller_mutation_cannot_change_admitted_plan (test_trace.TraceValidationTests.test_caller_mutation_cannot_change_admitted_plan) ... ok
test_default_trace_has_no_native_fallback (test_trace.TraceValidationTests.test_default_trace_has_no_native_fallback) ... ok
test_exact_plan_boundaries (test_trace.TraceValidationTests.test_exact_plan_boundaries) ... ok
test_invalid_plan_refused_before_network_or_node (test_trace.TraceValidationTests.test_invalid_plan_refused_before_network_or_node) ... ok
test_legacy_and_typed_encoding_vectors (test_trace.TraceValidationTests.test_legacy_and_typed_encoding_vectors) ... ok
test_missing_archive_is_explicit (test_trace.TraceValidationTests.test_missing_archive_is_explicit) ... ok
test_missing_state_and_bad_source_never_substitute_fixture (test_trace.TraceValidationTests.test_missing_state_and_bad_source_never_substitute_fixture) ... ok
test_no_urls_code_or_source_guessing (test_trace.TraceValidationTests.test_no_urls_code_or_source_guessing) ... ok
test_normal_and_upstream_transports_still_refuse_raw (test_trace.TraceValidationTests.test_normal_and_upstream_transports_still_refuse_raw) ... ok
test_quantity_and_bytes (test_trace.TraceValidationTests.test_quantity_and_bytes) ... ok
test_receipt_compares_ordered_bytes_but_not_block_hash (test_trace.TraceValidationTests.test_receipt_compares_ordered_bytes_but_not_block_hash) ... ok
test_rlp_boundary_vectors (test_trace.TraceValidationTests.test_rlp_boundary_vectors) ... ok
test_unsupported_signatures_and_budgets (test_trace.TraceValidationTests.test_unsupported_signatures_and_budgets) ... ok

======================================================================
ERROR: setUpClass (test_trace.CanonicalLocalIntegration)
----------------------------------------------------------------------
Traceback (most recent call last):
  File "/workspace/repository/tests/test_trace.py", line 281, in setUpClass
    cls.report=run_trace_native(cls.plan)
               ~~~~~~~~~~~~~~~~^^^^^^^^^^
  File "/workspace/repository/src/entrotter_engine/trace.py", line 557, in run_trace_native
    raise ExecutionError(
    ...<2 lines>...
    ) from None
entrotter_engine.evm.ExecutionError: Canonical trace RPC failed; original inputs/state may be unavailable. No fixture substitution. [rpc_code=rejected; rpc_method=anvil_setNextBlockPrevRandao]

----------------------------------------------------------------------
Ran 17 tests in 0.390s

FAILED (errors=1)
