test_actual_http_timeout_and_error_responses_have_safe_codes_and_closed_ports (test_rpc_diagnostics.LoopbackRPCFailureTests.test_actual_http_timeout_and_error_responses_have_safe_codes_and_closed_ports) ... ok
test_actual_native_cli_explains_rpc_kind_without_private_provider_values (test_rpc_diagnostics.NativeTraceDiagnosticTests.test_actual_native_cli_explains_rpc_kind_without_private_provider_values) ... ok
test_default_worker_failure_envelope_stays_exact (test_rpc_diagnostics.NativeTraceDiagnosticTests.test_default_worker_failure_envelope_stays_exact) ... ok
test_native_boundary_ignores_forged_properties_and_raw_slot_values (test_rpc_diagnostics.NativeTraceDiagnosticTests.test_native_boundary_ignores_forged_properties_and_raw_slot_values) ... ok
test_error_message_and_data_are_never_echoed (test_rpc_diagnostics.RPCDiagnosticTests.test_error_message_and_data_are_never_echoed) ... ok
test_non_object_error_does_not_echo_untrusted_text (test_rpc_diagnostics.RPCDiagnosticTests.test_non_object_error_does_not_echo_untrusted_text) ... ok
test_untrusted_code_cannot_enter_diagnostics (test_rpc_diagnostics.RPCDiagnosticTests.test_untrusted_code_cannot_enter_diagnostics) ... ok
test_arbitrary_method_and_constructor_codes_cannot_enter_diagnostics (test_rpc_diagnostics.SafeRPCFailureTests.test_arbitrary_method_and_constructor_codes_cannot_enter_diagnostics) ... ok
test_hostile_exception_formatters_and_reason_access_are_never_required (test_rpc_diagnostics.SafeRPCFailureTests.test_hostile_exception_formatters_and_reason_access_are_never_required) ... ok
test_http_connection_and_tls_classification_without_private_fields (test_rpc_diagnostics.SafeRPCFailureTests.test_http_connection_and_tls_classification_without_private_fields) ... ok
test_http_protocol_and_incomplete_read_bytes_are_not_exposed_or_retained (test_rpc_diagnostics.SafeRPCFailureTests.test_http_protocol_and_incomplete_read_bytes_are_not_exposed_or_retained) ... ok
test_ordinary_upstream_and_local_still_deny_raw_broadcast (test_rpc_diagnostics.SafeRPCFailureTests.test_ordinary_upstream_and_local_still_deny_raw_broadcast) ... ok
test_owned_trace_method_diagnostics_allow_fixed_mine_only (test_rpc_diagnostics.SafeRPCFailureTests.test_owned_trace_method_diagnostics_allow_fixed_mine_only) ... ok
test_response_failures_and_rejection_are_distinct (test_rpc_diagnostics.SafeRPCFailureTests.test_response_failures_and_rejection_are_distinct) ... ok
test_timeout_types_do_not_require_error_messages (test_rpc_diagnostics.SafeRPCFailureTests.test_timeout_types_do_not_require_error_messages) ... ok
test_access_list_order_and_bounds (test_trace.TraceValidationTests.test_access_list_order_and_bounds) ... ok
test_caller_mutation_cannot_change_admitted_plan (test_trace.TraceValidationTests.test_caller_mutation_cannot_change_admitted_plan) ... ok
test_default_trace_has_no_native_fallback (test_trace.TraceValidationTests.test_default_trace_has_no_native_fallback) ... ok
test_exact_plan_boundaries (test_trace.TraceValidationTests.test_exact_plan_boundaries) ... ok
test_invalid_plan_refused_before_network_or_node (test_trace.TraceValidationTests.test_invalid_plan_refused_before_network_or_node) ... ok
test_legacy_and_typed_encoding_vectors (test_trace.TraceValidationTests.test_legacy_and_typed_encoding_vectors) ... ok
test_missing_archive_is_explicit (test_trace.TraceValidationTests.test_missing_archive_is_explicit) ... ok
test_missing_state_and_bad_source_never_substitute_fixture (test_trace.TraceValidationTests.test_missing_state_and_bad_source_never_substitute_fixture) ... ok
test_no_urls_code_or_source_guessing (test_trace.TraceValidationTests.test_no_urls_code_or_source_guessing) ... ok
test_normal_and_upstream_transports_still_refuse_raw (test_trace.TraceValidationTests.test_normal_and_upstream_transports_still_refuse_raw) ... ok
test_quantity_and_bytes (test_trace.TraceValidationTests.test_quantity_and_bytes) ... ok
test_receipt_compares_ordered_bytes_but_not_block_hash (test_trace.TraceValidationTests.test_receipt_compares_ordered_bytes_but_not_block_hash) ... ok
test_rlp_boundary_vectors (test_trace.TraceValidationTests.test_rlp_boundary_vectors) ... ok
test_unsupported_signatures_and_budgets (test_trace.TraceValidationTests.test_unsupported_signatures_and_budgets) ... ok
test_failed_mine_restores_timeout_and_exits_owned_context (test_trace.TraceMineDeadlineTests.test_failed_mine_restores_timeout_and_exits_owned_context) ... ok
test_mine_never_gets_a_fresh_budget_when_deadline_is_near (test_trace.TraceMineDeadlineTests.test_mine_never_gets_a_fresh_budget_when_deadline_is_near) ... ok
test_slow_mine_uses_remaining_primitive_budget_then_restores_reads (test_trace.TraceMineDeadlineTests.test_slow_mine_uses_remaining_primitive_budget_then_restores_reads) ... ok

----------------------------------------------------------------------
Ran 32 tests in 0.158s

OK
