test_busy_slot_refuses_without_launch_or_foreign_cleanup (test_trace_diagnostic.DiagnosticHostTests.test_busy_slot_refuses_without_launch_or_foreign_cleanup) ... ok
test_cleanup_failure_preserves_primary_error_without_private_text (test_trace_diagnostic.DiagnosticHostTests.test_cleanup_failure_preserves_primary_error_without_private_text) ... ok
test_client_stop_failure_still_attempts_owner_cleanup (test_trace_diagnostic.DiagnosticHostTests.test_client_stop_failure_still_attempts_owner_cleanup) ... FAIL
test_client_wait_failure_closes_stdout_and_attempts_owner_cleanup (test_trace_diagnostic.DiagnosticHostTests.test_client_wait_failure_closes_stdout_and_attempts_owner_cleanup) ... FAIL
test_descendant_held_stdout_timeout_kills_owned_session (test_trace_diagnostic.DiagnosticHostTests.test_descendant_held_stdout_timeout_kills_owned_session) ... ok
test_invalid_or_unbound_stdout_is_not_copied_to_artifact (test_trace_diagnostic.DiagnosticHostTests.test_invalid_or_unbound_stdout_is_not_copied_to_artifact) ... /Library/Frameworks/Python.framework/Versions/3.13/lib/python3.13/unittest/mock.py:2236: ResourceWarning: unclosed file <_io.FileIO name=5 mode='rb' closefd=True>
  def __init__(self, name, parent):
ResourceWarning: Enable tracemalloc to get the object allocation traceback
ok
test_output_limit_stops_client_and_attempts_owner_cleanup (test_trace_diagnostic.DiagnosticHostTests.test_output_limit_stops_client_and_attempts_owner_cleanup) ... ok
test_valid_bound_failure_uses_shared_slot_and_owner_cleanup (test_trace_diagnostic.DiagnosticHostTests.test_valid_bound_failure_uses_shared_slot_and_owner_cleanup) ... ok
test_error_chain_retains_only_categories_and_integer_codes (test_trace_diagnostic.DiagnosticPrivacyTests.test_error_chain_retains_only_categories_and_integer_codes) ... ok
test_fixed_image_program_compiles_with_unchanged_shared_protocol_budget (test_trace_diagnostic.DiagnosticPrivacyTests.test_fixed_image_program_compiles_with_unchanged_shared_protocol_budget) ... ok
test_nested_error_category_does_not_require_optional_numeric_code (test_trace_diagnostic.DiagnosticPrivacyTests.test_nested_error_category_does_not_require_optional_numeric_code) ... FAIL
test_numeric_error_codes_are_strict_and_range_limited (test_trace_diagnostic.DiagnosticPrivacyTests.test_numeric_error_codes_are_strict_and_range_limited) ... ok
test_response_rejects_unbound_or_extra_dynamic_fields (test_trace_diagnostic.DiagnosticPrivacyTests.test_response_rejects_unbound_or_extra_dynamic_fields) ... ok
test_unknown_names_messages_cycles_and_deep_chains_are_bounded (test_trace_diagnostic.DiagnosticPrivacyTests.test_unknown_names_messages_cycles_and_deep_chains_are_bounded) ... ok

======================================================================
FAIL: test_client_stop_failure_still_attempts_owner_cleanup (test_trace_diagnostic.DiagnosticHostTests.test_client_stop_failure_still_attempts_owner_cleanup)
----------------------------------------------------------------------
Traceback (most recent call last):
  File "/workspace/repository/tests/test_trace_diagnostic.py", line 174, in test_client_stop_failure_still_attempts_owner_cleanup
    result,_,_=self.run_mock_client('print('+repr(SECRET)+')',stop_error=PermissionError(SECRET))
               ~~~~~~~~~~~~~~~~~~~~^^^^^^^^^^^^^^^^^^^^^^^^^^^^^^^^^^^^^^^^^^^^^^^^^^^^^^^^^^^^^^
  File "/workspace/repository/tests/test_trace_diagnostic.py", line 130, in run_mock_client
    self.assertTrue(process.stdout.closed,'Diagnostic output descriptor remains open')
    ~~~~~~~~~~~~~~~^^^^^^^^^^^^^^^^^^^^^^^^^^^^^^^^^^^^^^^^^^^^^^^^^^^^^^^^^^^^^^^^^^^
AssertionError: False is not true : Diagnostic output descriptor remains open

======================================================================
FAIL: test_client_wait_failure_closes_stdout_and_attempts_owner_cleanup (test_trace_diagnostic.DiagnosticHostTests.test_client_wait_failure_closes_stdout_and_attempts_owner_cleanup)
----------------------------------------------------------------------
Traceback (most recent call last):
  File "/workspace/repository/tests/test_trace_diagnostic.py", line 187, in test_client_wait_failure_closes_stdout_and_attempts_owner_cleanup
    result,_,_=self.run_mock_client(code,wait_error=subprocess.TimeoutExpired(SECRET,3))
               ~~~~~~~~~~~~~~~~~~~~^^^^^^^^^^^^^^^^^^^^^^^^^^^^^^^^^^^^^^^^^^^^^^^^^^^^^
  File "/workspace/repository/tests/test_trace_diagnostic.py", line 130, in run_mock_client
    self.assertTrue(process.stdout.closed,'Diagnostic output descriptor remains open')
    ~~~~~~~~~~~~~~~^^^^^^^^^^^^^^^^^^^^^^^^^^^^^^^^^^^^^^^^^^^^^^^^^^^^^^^^^^^^^^^^^^^
AssertionError: False is not true : Diagnostic output descriptor remains open

======================================================================
FAIL: test_nested_error_category_does_not_require_optional_numeric_code (test_trace_diagnostic.DiagnosticPrivacyTests.test_nested_error_category_does_not_require_optional_numeric_code)
----------------------------------------------------------------------
Traceback (most recent call last):
  File "/workspace/repository/tests/test_trace_diagnostic.py", line 70, in test_nested_error_category_does_not_require_optional_numeric_code
    self.assertEqual(result['category'],'ssl_certificate')
    ~~~~~~~~~~~~~~~~^^^^^^^^^^^^^^^^^^^^^^^^^^^^^^^^^^^^^^
AssertionError: 'rpc_error' != 'ssl_certificate'
- rpc_error
+ ssl_certificate


----------------------------------------------------------------------
Ran 14 tests in 0.598s

FAILED (failures=3)
