TAP version 13
# Subtest: Python ASCII escaping includes DEL and astral Unicode
not ok 1 - Python ASCII escaping includes DEL and astral Unicode
  ---
  duration_ms: 5.800958
  type: 'test'
  location: '<viewer-repository>/tests/trace.test.mjs:301:1'
  failureType: 'testCodeFailure'
  error: 'Transaction-prefix content hash mismatch.'
  code: 'ERR_TEST_FAILURE'
  stack: |-
    validateTraceReport (file://<viewer-repository>/trace-report.mjs:564:11)
    async TestContext.<anonymous> (file://<viewer-repository>/tests/trace.test.mjs:307:5)
    async Test.run (node:internal/test_runner/test:1054:7)
    async startSubtestAfterBootstrap (node:internal/test_runner/harness:296:3)
  ...
1..1
# tests 1
# suites 0
# pass 0
# fail 1
# cancelled 0
# skipped 0
# todo 0
# duration_ms 102.867917
