test_actual_after_observer_hard_alarm_stops_replay_and_runs_owned_exit (test_stop_controls.StopControls.test_actual_after_observer_hard_alarm_stops_replay_and_runs_owned_exit) ... FAIL
test_actual_before_observer_signal_stops_real_rpc_and_rescues_owned_session (test_stop_controls.StopControls.test_actual_before_observer_signal_stops_real_rpc_and_rescues_owned_session) ... FAIL
test_duplicate_invalid_and_fifth_phase_do_not_issue_reads (test_stop_controls.StopControls.test_duplicate_invalid_and_fifth_phase_do_not_issue_reads) ... FAIL
test_nonfinite_bool_and_invalid_deadlines_refuse_before_reads (test_stop_controls.StopControls.test_nonfinite_bool_and_invalid_deadlines_refuse_before_reads) ... 
  test_nonfinite_bool_and_invalid_deadlines_refuse_before_reads (test_stop_controls.StopControls.test_nonfinite_bool_and_invalid_deadlines_refuse_before_reads) (type='float') ... FAIL
  test_nonfinite_bool_and_invalid_deadlines_refuse_before_reads (test_stop_controls.StopControls.test_nonfinite_bool_and_invalid_deadlines_refuse_before_reads) (type='float') ... FAIL
  test_nonfinite_bool_and_invalid_deadlines_refuse_before_reads (test_stop_controls.StopControls.test_nonfinite_bool_and_invalid_deadlines_refuse_before_reads) (type='float') ... FAIL
  test_nonfinite_bool_and_invalid_deadlines_refuse_before_reads (test_stop_controls.StopControls.test_nonfinite_bool_and_invalid_deadlines_refuse_before_reads) (type='bool') ... FAIL
  test_nonfinite_bool_and_invalid_deadlines_refuse_before_reads (test_stop_controls.StopControls.test_nonfinite_bool_and_invalid_deadlines_refuse_before_reads) (type='bool') ... FAIL
  test_nonfinite_bool_and_invalid_deadlines_refuse_before_reads (test_stop_controls.StopControls.test_nonfinite_bool_and_invalid_deadlines_refuse_before_reads) (type='NoneType') ... FAIL
  test_nonfinite_bool_and_invalid_deadlines_refuse_before_reads (test_stop_controls.StopControls.test_nonfinite_bool_and_invalid_deadlines_refuse_before_reads) (type='str') ... FAIL
test_observer_and_snapshot_propagate_nonexception_stop (test_stop_controls.StopControls.test_observer_and_snapshot_propagate_nonexception_stop) ... FAIL
test_plain_rpc_timeout_is_normalized_and_recorded_finitely (test_stop_controls.StopControls.test_plain_rpc_timeout_is_normalized_and_recorded_finitely) ... ok

======================================================================
FAIL: test_actual_after_observer_hard_alarm_stops_replay_and_runs_owned_exit (test_stop_controls.StopControls.test_actual_after_observer_hard_alarm_stops_replay_and_runs_owned_exit)
----------------------------------------------------------------------
Traceback (most recent call last):
  File "/workspace/repository/.quality/archived-oracle/native-006/test_stop_controls.py", line 130, in test_actual_after_observer_hard_alarm_stops_replay_and_runs_owned_exit
    self.entrypoint('after',signal.SIGALRM)
    ~~~~~~~~~~~~~~~^^^^^^^^^^^^^^^^^^^^^^^^
  File "/workspace/repository/.quality/archived-oracle/native-006/test_stop_controls.py", line 117, in entrypoint
    self.assertEqual(replays,['baseline']);self.assertEqual(bodies,[] if stop_phase=='before' else ['baseline'])
    ~~~~~~~~~~~~~~~~^^^^^^^^^^^^^^^^^^^^^^
AssertionError: Lists differ: ['baseline', 'candidate'] != ['baseline']

First list contains 1 additional elements.
First extra element 1:
'candidate'

- ['baseline', 'candidate']
+ ['baseline']

======================================================================
FAIL: test_actual_before_observer_signal_stops_real_rpc_and_rescues_owned_session (test_stop_controls.StopControls.test_actual_before_observer_signal_stops_real_rpc_and_rescues_owned_session)
----------------------------------------------------------------------
Traceback (most recent call last):
  File "/workspace/repository/.quality/archived-oracle/native-006/test_stop_controls.py", line 127, in test_actual_before_observer_signal_stops_real_rpc_and_rescues_owned_session
    self.entrypoint('before',signal.SIGTERM)
    ~~~~~~~~~~~~~~~^^^^^^^^^^^^^^^^^^^^^^^^^
  File "/workspace/repository/.quality/archived-oracle/native-006/test_stop_controls.py", line 117, in entrypoint
    self.assertEqual(replays,['baseline']);self.assertEqual(bodies,[] if stop_phase=='before' else ['baseline'])
    ~~~~~~~~~~~~~~~~^^^^^^^^^^^^^^^^^^^^^^
AssertionError: Lists differ: ['baseline', 'candidate'] != ['baseline']

First list contains 1 additional elements.
First extra element 1:
'candidate'

- ['baseline', 'candidate']
+ ['baseline']

======================================================================
FAIL: test_duplicate_invalid_and_fifth_phase_do_not_issue_reads (test_stop_controls.StopControls.test_duplicate_invalid_and_fifth_phase_do_not_issue_reads)
----------------------------------------------------------------------
Traceback (most recent call last):
  File "/workspace/repository/.quality/archived-oracle/native-006/test_stop_controls.py", line 28, in test_duplicate_invalid_and_fifth_phase_do_not_issue_reads
    self.assertEqual(len(rpc.calls),n)
    ~~~~~~~~~~~~~~~~^^^^^^^^^^^^^^^^^^
AssertionError: 12 != 6

======================================================================
FAIL: test_nonfinite_bool_and_invalid_deadlines_refuse_before_reads (test_stop_controls.StopControls.test_nonfinite_bool_and_invalid_deadlines_refuse_before_reads) (type='float')
----------------------------------------------------------------------
Traceback (most recent call last):
  File "/workspace/repository/.quality/archived-oracle/native-006/test_stop_controls.py", line 40, in test_nonfinite_bool_and_invalid_deadlines_refuse_before_reads
    with self.assertRaises(ValueError):c.observe(rpc,'baseline','before',deadline)
         ~~~~~~~~~~~~~~~~~^^^^^^^^^^^^
AssertionError: ValueError not raised

======================================================================
FAIL: test_nonfinite_bool_and_invalid_deadlines_refuse_before_reads (test_stop_controls.StopControls.test_nonfinite_bool_and_invalid_deadlines_refuse_before_reads) (type='float')
----------------------------------------------------------------------
Traceback (most recent call last):
  File "/workspace/repository/.quality/archived-oracle/native-006/test_stop_controls.py", line 40, in test_nonfinite_bool_and_invalid_deadlines_refuse_before_reads
    with self.assertRaises(ValueError):c.observe(rpc,'baseline','before',deadline)
         ~~~~~~~~~~~~~~~~~^^^^^^^^^^^^
AssertionError: ValueError not raised

======================================================================
FAIL: test_nonfinite_bool_and_invalid_deadlines_refuse_before_reads (test_stop_controls.StopControls.test_nonfinite_bool_and_invalid_deadlines_refuse_before_reads) (type='float')
----------------------------------------------------------------------
Traceback (most recent call last):
  File "/workspace/repository/.quality/archived-oracle/native-006/test_stop_controls.py", line 40, in test_nonfinite_bool_and_invalid_deadlines_refuse_before_reads
    with self.assertRaises(ValueError):c.observe(rpc,'baseline','before',deadline)
         ~~~~~~~~~~~~~~~~~^^^^^^^^^^^^
AssertionError: ValueError not raised

======================================================================
FAIL: test_nonfinite_bool_and_invalid_deadlines_refuse_before_reads (test_stop_controls.StopControls.test_nonfinite_bool_and_invalid_deadlines_refuse_before_reads) (type='bool')
----------------------------------------------------------------------
Traceback (most recent call last):
  File "/workspace/repository/.quality/archived-oracle/native-006/test_stop_controls.py", line 40, in test_nonfinite_bool_and_invalid_deadlines_refuse_before_reads
    with self.assertRaises(ValueError):c.observe(rpc,'baseline','before',deadline)
         ~~~~~~~~~~~~~~~~~^^^^^^^^^^^^
AssertionError: ValueError not raised

======================================================================
FAIL: test_nonfinite_bool_and_invalid_deadlines_refuse_before_reads (test_stop_controls.StopControls.test_nonfinite_bool_and_invalid_deadlines_refuse_before_reads) (type='bool')
----------------------------------------------------------------------
Traceback (most recent call last):
  File "/workspace/repository/.quality/archived-oracle/native-006/test_stop_controls.py", line 40, in test_nonfinite_bool_and_invalid_deadlines_refuse_before_reads
    with self.assertRaises(ValueError):c.observe(rpc,'baseline','before',deadline)
         ~~~~~~~~~~~~~~~~~^^^^^^^^^^^^
AssertionError: ValueError not raised

======================================================================
FAIL: test_nonfinite_bool_and_invalid_deadlines_refuse_before_reads (test_stop_controls.StopControls.test_nonfinite_bool_and_invalid_deadlines_refuse_before_reads) (type='NoneType')
----------------------------------------------------------------------
Traceback (most recent call last):
  File "/workspace/repository/.quality/archived-oracle/native-006/test_stop_controls.py", line 40, in test_nonfinite_bool_and_invalid_deadlines_refuse_before_reads
    with self.assertRaises(ValueError):c.observe(rpc,'baseline','before',deadline)
         ~~~~~~~~~~~~~~~~~^^^^^^^^^^^^
AssertionError: ValueError not raised

======================================================================
FAIL: test_nonfinite_bool_and_invalid_deadlines_refuse_before_reads (test_stop_controls.StopControls.test_nonfinite_bool_and_invalid_deadlines_refuse_before_reads) (type='str')
----------------------------------------------------------------------
Traceback (most recent call last):
  File "/workspace/repository/.quality/archived-oracle/native-006/test_stop_controls.py", line 40, in test_nonfinite_bool_and_invalid_deadlines_refuse_before_reads
    with self.assertRaises(ValueError):c.observe(rpc,'baseline','before',deadline)
         ~~~~~~~~~~~~~~~~~^^^^^^^^^^^^
AssertionError: ValueError not raised

======================================================================
FAIL: test_observer_and_snapshot_propagate_nonexception_stop (test_stop_controls.StopControls.test_observer_and_snapshot_propagate_nonexception_stop)
----------------------------------------------------------------------
Traceback (most recent call last):
  File "/workspace/repository/.quality/archived-oracle/native-006/test_stop_controls.py", line 46, in test_observer_and_snapshot_propagate_nonexception_stop
    with self.assertRaises(ControlStop):c.observe(rpc,'baseline','before',time.monotonic()+10)
         ~~~~~~~~~~~~~~~~~^^^^^^^^^^^^^
AssertionError: ControlStop not raised

----------------------------------------------------------------------
Ran 6 tests in 0.052s

FAILED (failures=11)
